###############################################################################
#
# IAR ELF Linker V8.30.2.160/W32 for ARM                  27/May/2019  09:02:54
# Copyright 2007-2018 IAR Systems AB.
#
#    Output file  =  F:\SpaceHub\Indoor\Image\NT232.out
#    Map file     =  F:\SpaceHub\Indoor\NT232\EWARM\NT232\List\NT232.map
#    Command line =  
#        -f C:\Users\alpongso\AppData\Local\Temp\EW22F3.tmp
#        (F:\SpaceHub\Indoor\NT232\EWARM\NT232\Obj\adc.o
#        F:\SpaceHub\Indoor\NT232\EWARM\NT232\Obj\cmsis_os.o
#        F:\SpaceHub\Indoor\NT232\EWARM\NT232\Obj\croutine.o
#        F:\SpaceHub\Indoor\NT232\EWARM\NT232\Obj\etc.o
#        F:\SpaceHub\Indoor\NT232\EWARM\NT232\Obj\event_groups.o
#        F:\SpaceHub\Indoor\NT232\EWARM\NT232\Obj\freertos.o
#        F:\SpaceHub\Indoor\NT232\EWARM\NT232\Obj\gpio.o
#        F:\SpaceHub\Indoor\NT232\EWARM\NT232\Obj\heap_4.o
#        F:\SpaceHub\Indoor\NT232\EWARM\NT232\Obj\iwdg.o
#        F:\SpaceHub\Indoor\NT232\EWARM\NT232\Obj\list.o
#        F:\SpaceHub\Indoor\NT232\EWARM\NT232\Obj\main.o
#        F:\SpaceHub\Indoor\NT232\EWARM\NT232\Obj\nt_queue.o
#        F:\SpaceHub\Indoor\NT232\EWARM\NT232\Obj\port.o
#        F:\SpaceHub\Indoor\NT232\EWARM\NT232\Obj\portasm.o
#        F:\SpaceHub\Indoor\NT232\EWARM\NT232\Obj\queue.o
#        F:\SpaceHub\Indoor\NT232\EWARM\NT232\Obj\startup_stm32f413xx.o
#        F:\SpaceHub\Indoor\NT232\EWARM\NT232\Obj\stm32f4xx_hal.o
#        F:\SpaceHub\Indoor\NT232\EWARM\NT232\Obj\stm32f4xx_hal_adc.o
#        F:\SpaceHub\Indoor\NT232\EWARM\NT232\Obj\stm32f4xx_hal_adc_ex.o
#        F:\SpaceHub\Indoor\NT232\EWARM\NT232\Obj\stm32f4xx_hal_cortex.o
#        F:\SpaceHub\Indoor\NT232\EWARM\NT232\Obj\stm32f4xx_hal_dma.o
#        F:\SpaceHub\Indoor\NT232\EWARM\NT232\Obj\stm32f4xx_hal_dma_ex.o
#        F:\SpaceHub\Indoor\NT232\EWARM\NT232\Obj\stm32f4xx_hal_flash.o
#        F:\SpaceHub\Indoor\NT232\EWARM\NT232\Obj\stm32f4xx_hal_flash_ex.o
#        F:\SpaceHub\Indoor\NT232\EWARM\NT232\Obj\stm32f4xx_hal_flash_ramfunc.o
#        F:\SpaceHub\Indoor\NT232\EWARM\NT232\Obj\stm32f4xx_hal_gpio.o
#        F:\SpaceHub\Indoor\NT232\EWARM\NT232\Obj\stm32f4xx_hal_iwdg.o
#        F:\SpaceHub\Indoor\NT232\EWARM\NT232\Obj\stm32f4xx_hal_msp.o
#        F:\SpaceHub\Indoor\NT232\EWARM\NT232\Obj\stm32f4xx_hal_pwr.o
#        F:\SpaceHub\Indoor\NT232\EWARM\NT232\Obj\stm32f4xx_hal_pwr_ex.o
#        F:\SpaceHub\Indoor\NT232\EWARM\NT232\Obj\stm32f4xx_hal_rcc.o
#        F:\SpaceHub\Indoor\NT232\EWARM\NT232\Obj\stm32f4xx_hal_rcc_ex.o
#        F:\SpaceHub\Indoor\NT232\EWARM\NT232\Obj\stm32f4xx_hal_tim.o
#        F:\SpaceHub\Indoor\NT232\EWARM\NT232\Obj\stm32f4xx_hal_tim_ex.o
#        F:\SpaceHub\Indoor\NT232\EWARM\NT232\Obj\stm32f4xx_hal_timebase_tim.o
#        F:\SpaceHub\Indoor\NT232\EWARM\NT232\Obj\stm32f4xx_hal_uart.o
#        F:\SpaceHub\Indoor\NT232\EWARM\NT232\Obj\stm32f4xx_it.o
#        F:\SpaceHub\Indoor\NT232\EWARM\NT232\Obj\system_stm32f4xx.o
#        F:\SpaceHub\Indoor\NT232\EWARM\NT232\Obj\tasks.o
#        F:\SpaceHub\Indoor\NT232\EWARM\NT232\Obj\tim.o
#        F:\SpaceHub\Indoor\NT232\EWARM\NT232\Obj\timers.o
#        F:\SpaceHub\Indoor\NT232\EWARM\NT232\Obj\usart.o --redirect
#        _Printf=_PrintfFull --redirect _Scanf=_ScanfFull --no_out_extension -o
#        F:\SpaceHub\Indoor\Image\NT232.out --map
#        F:\SpaceHub\Indoor\NT232\EWARM\NT232\List\NT232.map --config
#        F:\SpaceHub\Indoor\NT232\EWARM/stm32f413xx_flash.icf --semihosting
#        --entry __iar_program_start --vfe --text_out locale)
#
###############################################################################

*******************************************************************************
*** RUNTIME MODEL ATTRIBUTES
***

CppFlavor       = *
__SystemLibrary = DLib
__dlib_version  = 6


*******************************************************************************
*** HEAP SELECTION
***

The basic heap was selected because no calls to memory allocation
functions were found in the application outside of system library
functions, and there are calls to deallocation functions in the
application.


*******************************************************************************
*** PLACEMENT SUMMARY
***

"A0":  place at 0x800'0000 { ro section .intvec };
"P1":  place in [from 0x800'0000 to 0x817'ffff] { ro };
define block CSTACK with size = 1K, alignment = 8 { };
define block HEAP with size = 512, alignment = 8 { };
"P2":  place in [from 0x2000'0000 to 0x2004'ffff] {
          rw, block CSTACK, block HEAP };
initialize by copy { rw };

  Section            Kind         Address    Size  Object
  -------            ----         -------    ----  ------
"A0":                                       0x1d8
  .intvec            ro code   0x800'0000   0x1d8  startup_stm32f413xx.o [1]
                             - 0x800'01d8   0x1d8

"P1":                                      0x6b05
  .text              ro code   0x800'01d8  0x1118  etc.o [1]
  .text              ro code   0x800'12f0   0x45c  stm32f4xx_hal_adc.o [1]
  .text              ro code   0x800'174c    0x28  printf.o [2]
  .text              ro code   0x800'1774    0xa6  ABImemcpy.o [4]
  .text              ro code   0x800'181a    0x7a  lz77_init_single.o [4]
  .text              ro code   0x800'1894   0x454  usart.o [1]
  .text              ro code   0x800'1ce8     0x6  ABImemclr4.o [4]
  .text              ro code   0x800'1cee    0x3a  zero_init3.o [4]
  .text              ro code   0x800'1d28     0x6  ABImemclr.o [4]
  .text              ro code   0x800'1d2e    0x1e  xencoding_8859_1.o [2]
  .text              ro code   0x800'1d4c    0x40  sprintf.o [2]
  .text              ro code   0x800'1d8c    0x48  FltToDbl.o [3]
  .text              ro code   0x800'1dd4   0x17a  DblAdd.o [3]
  .text              ro code   0x800'1f4e     0xa  xsprout.o [2]
  .text              ro code   0x800'1f58   0x1a2  DblMul.o [3]
  .text              ro code   0x800'20fc   0x246  DblDiv.o [3]
  .text              ro code   0x800'2344    0x68  DblToFlt.o [3]
  .text              ro code   0x800'23ac    0x3a  DblToS32.o [3]
  .text              ro code   0x800'23e8    0xcc  adc.o [1]
  .text              ro code   0x800'24b4     0xc  stm32f4xx_hal.o [1]
  .text              ro code   0x800'24c0   0xf7a  xprintffull.o [2]
  .text              ro code   0x800'343c   0x670  stm32f4xx_hal_uart.o [1]
  .text              ro code   0x800'3aac   0x1c2  main.o [1]
  .text              ro code   0x800'3c70   0x1c8  stm32f4xx_hal_gpio.o [1]
  .text              ro code   0x800'3e38    0x94  stm32f4xx_hal_cortex.o [1]
  .text              ro code   0x800'3ecc    0x7a  nt_queue.o [1]
  .text              ro code   0x800'3f48    0x32  ABImemset48.o [4]
  .text              ro code   0x800'3f7c    0x5e  ABImemset.o [4]
  .text              ro code   0x800'3fdc    0xe2  DblSub.o [3]
  .text              ro code   0x800'40c0    0x78  xlocale_c.o [2]
  .text              ro code   0x800'4138    0x16  strchr.o [4]
  .text              ro code   0x800'4150    0x40  xfail_s.o [2]
  .text              ro code   0x800'4190    0x36  strlen.o [4]
  .text              ro code   0x800'41c8    0x58  memchr.o [4]
  .text              ro code   0x800'4220     0xa  xmbcurmax.o [2]
  .text              ro code   0x800'422c   0x230  I64DivMod.o [4]
  .text              ro code   0x800'445c    0x70  frexp.o [3]
  .text              ro code   0x800'44cc    0x2e  DblCmpLe.o [3]
  .text              ro code   0x800'44fc    0x2e  DblCmpGe.o [3]
  .text              ro code   0x800'452c   0x13a  ldexp.o [3]
  .text              ro code   0x800'4668    0x22  S32ToDbl.o [3]
  .text              ro code   0x800'468c    0x28  DblToU32.o [3]
  .text              ro code   0x800'46b4    0x1a  U32ToDbl.o [3]
  .text              ro code   0x800'46d0    0x24  stm32f4xx_hal_dma.o [1]
  .text              ro code   0x800'46f4     0x2  stm32f4xx_hal_uart.o [1]
  .text              ro code   0x800'46f6     0x2  stm32f4xx_hal_uart.o [1]
  .text              ro code   0x800'46f8   0x1e4  stm32f4xx_hal_rcc.o [1]
  .text              ro code   0x800'48dc    0x34  stm32f4xx_hal.o [1]
  .text              ro code   0x800'4910    0xa8  gpio.o [1]
  .text              ro code   0x800'49b8    0x2c  iwdg.o [1]
  .text              ro code   0x800'49e4    0xb8  tim.o [1]
  .text              ro code   0x800'4a9c   0x3d6  stm32f4xx_hal_tim.o [1]
  .text              ro code   0x800'4e74   0xae0  freertos.o [1]
  .text              ro code   0x800'5954    0x52  cmsis_os.o [1]
  .text              ro code   0x800'59a8   0x308  stm32f4xx_hal_rcc_ex.o [1]
  .text              ro code   0x800'5cb0    0x10  stm32f4xx_hal.o [1]
  .text              ro code   0x800'5cc0     0x6  abort.o [2]
  .text              ro code   0x800'5cc8     0x2  I64DivZer.o [4]
  .text              ro code   0x800'5ccc    0x80  stm32f4xx_hal_timebase_tim.o [1]
  .text              ro code   0x800'5d4c    0x40  stm32f4xx_hal_msp.o [1]
  .text              ro code   0x800'5d8c    0x44  stm32f4xx_hal_iwdg.o [1]
  .text              ro code   0x800'5dd0    0x4c  stm32f4xx_hal_tim_ex.o [1]
  .text              ro code   0x800'5e1c     0x2  stm32f4xx_hal_tim.o [1]
  .text              ro code   0x800'5e1e     0x2  stm32f4xx_hal_tim.o [1]
  .text              ro code   0x800'5e20     0x2  stm32f4xx_hal_tim.o [1]
  .text              ro code   0x800'5e22     0x2  stm32f4xx_hal_tim_ex.o [1]
  .text              ro code   0x800'5e24     0x2  stm32f4xx_hal_tim.o [1]
  .text              ro code   0x800'5e26     0x2  stm32f4xx_hal_tim_ex.o [1]
  .text              ro code   0x800'5e28    0x28  stm32f4xx_hal.o [1]
  .text              ro code   0x800'5e50    0x68  memcmp.o [4]
  .text              ro code   0x800'5eb8   0x5d8  tasks.o [1]
  .text              ro code   0x800'6490    0x14  exit.o [5]
  .text              ro code   0x800'64a4   0x1c4  heap_4.o [1]
  .text              ro code   0x800'6668    0x94  list.o [1]
  .text              ro code   0x800'66fc   0x1a8  port.o [1]
  CODE               ro code   0x800'68a4    0xa8  portasm.o [1]
  .text              ro code   0x800'694c    0x60  system_stm32f4xx.o [1]
  .text              ro code   0x800'69ac    0x54  stm32f4xx_it.o [1]
  .rodata            const     0x800'6a00    0x3c  freertos.o [1]
  .text              ro code   0x800'6a3c    0x28  data_init.o [4]
  .text              ro code   0x800'6a64    0x22  fpinit_M.o [3]
  .iar.init_table    const     0x800'6a88    0x20  - Linker created -
  .text              ro code   0x800'6aa8    0x1e  cmain.o [4]
  .text              ro code   0x800'6ac6     0x4  low_level_init.o [2]
  .text              ro code   0x800'6aca     0x4  exit.o [2]
  .text              ro code   0x800'6ad0     0xa  cexit.o [4]
  .text              ro code   0x800'6ada    0x16  xprout.o [2]
  .text              ro code   0x800'6af0     0xc  putchar.o [2]
  .text              ro code   0x800'6afc    0x10  startup_stm32f413xx.o [1]
  .text              ro code   0x800'6b0c     0xc  cstartup_M.o [4]
  .rodata            const     0x800'6b18     0x8  system_stm32f4xx.o [1]
  .rodata            const     0x800'6b20     0x6  xlocale_c.o [2]
  .text              ro code   0x800'6b26     0x4  startup_stm32f413xx.o [1]
  .text              ro code   0x800'6b2a     0x4  startup_stm32f413xx.o [1]
  .text              ro code   0x800'6b2e     0x4  startup_stm32f413xx.o [1]
  .text              ro code   0x800'6b32     0x4  startup_stm32f413xx.o [1]
  .text              ro code   0x800'6b36     0x4  startup_stm32f413xx.o [1]
  .text              ro code   0x800'6b3a     0x4  startup_stm32f413xx.o [1]
  .text              ro code   0x800'6b3e     0x4  startup_stm32f413xx.o [1]
  .text              ro code   0x800'6b42     0x4  startup_stm32f413xx.o [1]
  .text              ro code   0x800'6b46     0x4  startup_stm32f413xx.o [1]
  .text              ro code   0x800'6b4a     0x4  startup_stm32f413xx.o [1]
  .text              ro code   0x800'6b4e     0x4  startup_stm32f413xx.o [1]
  .text              ro code   0x800'6b52     0x4  startup_stm32f413xx.o [1]
  .text              ro code   0x800'6b56     0x4  startup_stm32f413xx.o [1]
  .text              ro code   0x800'6b5a     0x4  startup_stm32f413xx.o [1]
  .text              ro code   0x800'6b5e     0x4  startup_stm32f413xx.o [1]
  .text              ro code   0x800'6b62     0x4  startup_stm32f413xx.o [1]
  .text              ro code   0x800'6b66     0x4  startup_stm32f413xx.o [1]
  .text              ro code   0x800'6b6a     0x4  startup_stm32f413xx.o [1]
  .text              ro code   0x800'6b6e     0x4  startup_stm32f413xx.o [1]
  .text              ro code   0x800'6b72     0x4  startup_stm32f413xx.o [1]
  .text              ro code   0x800'6b76     0x4  startup_stm32f413xx.o [1]
  .text              ro code   0x800'6b7a     0x4  startup_stm32f413xx.o [1]
  .text              ro code   0x800'6b7e     0x4  startup_stm32f413xx.o [1]
  .text              ro code   0x800'6b82     0x4  startup_stm32f413xx.o [1]
  .text              ro code   0x800'6b86     0x4  startup_stm32f413xx.o [1]
  .text              ro code   0x800'6b8a     0x4  startup_stm32f413xx.o [1]
  .text              ro code   0x800'6b8e     0x4  startup_stm32f413xx.o [1]
  .text              ro code   0x800'6b92     0x4  startup_stm32f413xx.o [1]
  .text              ro code   0x800'6b96     0x4  startup_stm32f413xx.o [1]
  .text              ro code   0x800'6b9a     0x4  startup_stm32f413xx.o [1]
  .text              ro code   0x800'6b9e     0x4  startup_stm32f413xx.o [1]
  .text              ro code   0x800'6ba2     0x4  startup_stm32f413xx.o [1]
  .text              ro code   0x800'6ba6     0x4  startup_stm32f413xx.o [1]
  .text              ro code   0x800'6baa     0x4  startup_stm32f413xx.o [1]
  .text              ro code   0x800'6bae     0x4  startup_stm32f413xx.o [1]
  .text              ro code   0x800'6bb2     0x4  startup_stm32f413xx.o [1]
  .text              ro code   0x800'6bb6     0x4  startup_stm32f413xx.o [1]
  .text              ro code   0x800'6bba     0x4  startup_stm32f413xx.o [1]
  .text              ro code   0x800'6bbe     0x4  startup_stm32f413xx.o [1]
  .text              ro code   0x800'6bc2     0x4  startup_stm32f413xx.o [1]
  .text              ro code   0x800'6bc6     0x4  startup_stm32f413xx.o [1]
  .text              ro code   0x800'6bca     0x4  startup_stm32f413xx.o [1]
  .text              ro code   0x800'6bce     0x4  startup_stm32f413xx.o [1]
  .text              ro code   0x800'6bd2     0x4  startup_stm32f413xx.o [1]
  .text              ro code   0x800'6bd6     0x4  startup_stm32f413xx.o [1]
  .text              ro code   0x800'6bda     0x4  startup_stm32f413xx.o [1]
  .text              ro code   0x800'6bde     0x4  startup_stm32f413xx.o [1]
  .text              ro code   0x800'6be2     0x4  startup_stm32f413xx.o [1]
  .text              ro code   0x800'6be6     0x4  startup_stm32f413xx.o [1]
  .text              ro code   0x800'6bea     0x4  startup_stm32f413xx.o [1]
  .text              ro code   0x800'6bee     0x4  startup_stm32f413xx.o [1]
  .text              ro code   0x800'6bf2     0x4  startup_stm32f413xx.o [1]
  .text              ro code   0x800'6bf6     0x4  startup_stm32f413xx.o [1]
  .text              ro code   0x800'6bfa     0x4  startup_stm32f413xx.o [1]
  .text              ro code   0x800'6bfe     0x4  startup_stm32f413xx.o [1]
  .text              ro code   0x800'6c02     0x4  startup_stm32f413xx.o [1]
  .text              ro code   0x800'6c06     0x4  startup_stm32f413xx.o [1]
  .text              ro code   0x800'6c0a     0x4  startup_stm32f413xx.o [1]
  .text              ro code   0x800'6c0e     0x4  startup_stm32f413xx.o [1]
  .text              ro code   0x800'6c12     0x4  startup_stm32f413xx.o [1]
  .text              ro code   0x800'6c16     0x4  startup_stm32f413xx.o [1]
  .text              ro code   0x800'6c1a     0x4  startup_stm32f413xx.o [1]
  .text              ro code   0x800'6c1e     0x4  startup_stm32f413xx.o [1]
  .text              ro code   0x800'6c22     0x4  startup_stm32f413xx.o [1]
  .text              ro code   0x800'6c26     0x4  startup_stm32f413xx.o [1]
  .text              ro code   0x800'6c2a     0x4  startup_stm32f413xx.o [1]
  .text              ro code   0x800'6c2e     0x4  startup_stm32f413xx.o [1]
  .text              ro code   0x800'6c32     0x4  startup_stm32f413xx.o [1]
  .text              ro code   0x800'6c36     0x4  startup_stm32f413xx.o [1]
  .text              ro code   0x800'6c3a     0x4  startup_stm32f413xx.o [1]
  .text              ro code   0x800'6c3e     0x4  startup_stm32f413xx.o [1]
  .text              ro code   0x800'6c42     0x4  startup_stm32f413xx.o [1]
  .text              ro code   0x800'6c46     0x4  startup_stm32f413xx.o [1]
  .text              ro code   0x800'6c4a     0x4  startup_stm32f413xx.o [1]
  .text              ro code   0x800'6c4e     0x4  startup_stm32f413xx.o [1]
  .text              ro code   0x800'6c52     0x4  startup_stm32f413xx.o [1]
  .text              ro code   0x800'6c56     0x4  startup_stm32f413xx.o [1]
  .text              ro code   0x800'6c5a     0x4  startup_stm32f413xx.o [1]
  .text              ro code   0x800'6c5e     0x4  startup_stm32f413xx.o [1]
  .text              ro code   0x800'6c62     0x4  startup_stm32f413xx.o [1]
  .text              ro code   0x800'6c66     0x4  startup_stm32f413xx.o [1]
  .text              ro code   0x800'6c6a     0x4  startup_stm32f413xx.o [1]
  .text              ro code   0x800'6c6e     0x4  startup_stm32f413xx.o [1]
  .text              ro code   0x800'6c72     0x4  startup_stm32f413xx.o [1]
  .text              ro code   0x800'6c76     0x4  startup_stm32f413xx.o [1]
  .text              ro code   0x800'6c7a     0x4  startup_stm32f413xx.o [1]
  .text              ro code   0x800'6c7e     0x4  startup_stm32f413xx.o [1]
  .text              ro code   0x800'6c82     0x4  startup_stm32f413xx.o [1]
  .rodata            const     0x800'6c86     0x0  zero_init3.o [4]
  .rodata            const     0x800'6c86     0x0  lz77_init_single.o [4]
  Initializer bytes  const     0x800'6c86    0x57  <for P2-1>
                             - 0x800'6cdd  0x6b05

"P2", part 1 of 3:                           0xe4
  P2-1                        0x2000'0000    0xe4  <Init block>
    .data            inited   0x2000'0000     0xc  port.o [1]
    .data            inited   0x2000'000c     0xc  stm32f4xx_hal.o [1]
    .data            inited   0x2000'0018     0x4  system_stm32f4xx.o [1]
    .data            inited   0x2000'001c    0x38  xlocale_c.o [2]
    .data            inited   0x2000'0054    0x48  xlocale_c.o [2]
    .data            inited   0x2000'009c    0x48  xfiles.o [2]
                            - 0x2000'00e4    0xe4

"P2", part 2 of 3:                         0x6410
  .bss               zero     0x2000'00e4  0x3c18  heap_4.o [1]
  .bss               zero     0x2000'3cfc  0x209c  usart.o [1]
  .bss               zero     0x2000'5d98   0x200  etc.o [1]
  .bss               zero     0x2000'5f98    0xfc  etc.o [1]
  .bss               zero     0x2000'6094    0xdc  etc.o [1]
  .bss               zero     0x2000'6170    0xa0  tasks.o [1]
  .bss               zero     0x2000'6210    0x8c  tasks.o [1]
  .bss               zero     0x2000'629c    0x50  xfiles.o [2]
  .bss               zero     0x2000'62ec    0x48  adc.o [1]
  .bss               zero     0x2000'6334    0x40  usart.o [1]
  .bss               zero     0x2000'6374    0x40  usart.o [1]
  .bss               zero     0x2000'63b4    0x40  usart.o [1]
  .bss               zero     0x2000'63f4    0x3c  stm32f4xx_hal_timebase_tim.o [1]
  .bss               zero     0x2000'6430    0x3c  tim.o [1]
  .bss               zero     0x2000'646c    0x2c  freertos.o [1]
  .bss               zero     0x2000'6498    0x22  etc.o [1]
  .bss               zero     0x2000'64ba     0x2  etc.o [1]
  .bss               zero     0x2000'64bc    0x10  etc.o [1]
  .bss               zero     0x2000'64cc     0xc  iwdg.o [1]
  .bss               zero     0x2000'64d8     0xc  main.o [1]
  .bss               zero     0x2000'64e4     0x4  etc.o [1]
  .bss               zero     0x2000'64e8     0x4  freertos.o [1]
  .bss               zero     0x2000'64ec     0x4  xfail_s.o [2]
  .bss               zero     0x2000'64f0     0x1  etc.o [1]
                            - 0x2000'64f1  0x640d

"P2", part 3 of 3:                          0x400
  CSTACK                      0x2000'64f8   0x400  <Block>
    CSTACK           uninit   0x2000'64f8   0x400  <Block tail>
                            - 0x2000'68f8   0x400

Unused ranges:

         From           To       Size
         ----           --       ----
   0x800'6cdd   0x817'ffff  0x17'9323
  0x2000'64f4  0x2000'64f7        0x4
  0x2000'68f8  0x2004'ffff   0x4'9708


*******************************************************************************
*** INIT TABLE
***

          Address      Size
          -------      ----
Zero (__iar_zero_init3)
    1 destination range, total size 0x640d:
          0x2000'00e4  0x640d

Copy/lz77 (__iar_lz77_init_single3)
    1 source range, total size 0x57 (38% of destination):
           0x800'6c86    0x57
    1 destination range, total size 0xe4:
          0x2000'0000    0xe4



*******************************************************************************
*** MODULE SUMMARY
***

    Module                        ro code  ro data  rw data
    ------                        -------  -------  -------
command line/config:
    -------------------------------------------------------
    Total:

F:\SpaceHub\Indoor\NT232\EWARM\NT232\Obj: [1]
    adc.o                             204                72
    cmsis_os.o                         82
    etc.o                           4 376             1 041
    freertos.o                      2 784       60       48
    gpio.o                            168
    heap_4.o                          452            15 384
    iwdg.o                             44                12
    list.o                            148
    main.o                            450                12
    nt_queue.o                        122
    port.o                            424        4       12
    portasm.o                         168
    startup_stm32f413xx.o             840
    stm32f4xx_hal.o                   120        5       12
    stm32f4xx_hal_adc.o             1 116
    stm32f4xx_hal_cortex.o            148
    stm32f4xx_hal_dma.o                36
    stm32f4xx_hal_gpio.o              456
    stm32f4xx_hal_iwdg.o               68
    stm32f4xx_hal_msp.o                64
    stm32f4xx_hal_rcc.o               484
    stm32f4xx_hal_rcc_ex.o            776
    stm32f4xx_hal_tim.o               990
    stm32f4xx_hal_tim_ex.o             80
    stm32f4xx_hal_timebase_tim.o      128                60
    stm32f4xx_hal_uart.o            1 652
    stm32f4xx_it.o                     84
    system_stm32f4xx.o                 96        9        4
    tasks.o                         1 496               300
    tim.o                             184                60
    usart.o                         1 108             8 540
    -------------------------------------------------------
    Total:                         19 348       78   25 557

dl7M_tlf.a: [2]
    abort.o                             6
    exit.o                              4
    low_level_init.o                    4
    printf.o                           40
    putchar.o                          12
    sprintf.o                          64
    xencoding_8859_1.o                 30
    xfail_s.o                          64                 4
    xfiles.o                                    28      152
    xlocale_c.o                       120       55      128
    xmbcurmax.o                        10
    xprintffull.o                   3 962
    xprout.o                           22
    xsprout.o                          10
    -------------------------------------------------------
    Total:                          4 348       83      284

m7M_tls.a: [3]
    DblAdd.o                          378
    DblCmpGe.o                         46
    DblCmpLe.o                         46
    DblDiv.o                          582
    DblMul.o                          418
    DblSub.o                          226
    DblToFlt.o                        104
    DblToS32.o                         58
    DblToU32.o                         40
    FltToDbl.o                         72
    S32ToDbl.o                         34
    U32ToDbl.o                         26
    fpinit_M.o                         34
    frexp.o                           112
    ldexp.o                           314
    -------------------------------------------------------
    Total:                          2 490

rt7M_tl.a: [4]
    ABImemclr.o                         6
    ABImemclr4.o                        6
    ABImemcpy.o                       166
    ABImemset.o                        94
    ABImemset48.o                      50
    I64DivMod.o                       560
    I64DivZer.o                         2
    cexit.o                            10
    cmain.o                            30
    cstartup_M.o                       12
    data_init.o                        40
    lz77_init_single.o                122
    memchr.o                           88
    memcmp.o                          104
    strchr.o                           22
    strlen.o                           54
    zero_init3.o                       58
    -------------------------------------------------------
    Total:                          1 424

shb_l.a: [5]
    exit.o                             20
    -------------------------------------------------------
    Total:                             20

    Gaps                               44        2
    Linker created                              32    1 024
-----------------------------------------------------------
    Grand Total:                   27 674      195   26 865


*******************************************************************************
*** ENTRY LIST
***

Entry                       Address    Size  Type      Object
-----                       -------    ----  ----      ------
.iar.init_table$$Base    0x800'6a88           --   Gb  - Linker created -
.iar.init_table$$Limit   0x800'6aa8           --   Gb  - Linker created -
?main                    0x800'6aa9          Code  Gb  cmain.o [4]
ADC_Init                 0x800'1639    0xf4  Code  Lc  stm32f4xx_hal_adc.o [1]
AHBPrescTable            0x800'699c    0x10  Data  Gb  system_stm32f4xx.o [1]
APBPrescTable            0x800'6b18     0x8  Data  Gb  system_stm32f4xx.o [1]
BusFault_Handler         0x800'69b3     0x2  Code  Gb  stm32f4xx_it.o [1]
CSTACK$$Base            0x2000'64f8           --   Gb  - Linker created -
CSTACK$$Limit           0x2000'68f8           --   Gb  - Linker created -
CacheMore                0x800'40c5    0x24  Code  Lc  xlocale_c.o [2]
Com1TaskHandle          0x2000'648c     0x4  Data  Gb  freertos.o [1]
Com2TaskHandle          0x2000'6490     0x4  Data  Gb  freertos.o [1]
Com3TaskHandle          0x2000'6494     0x4  Data  Gb  freertos.o [1]
DebugMon_Handler         0x800'69b7     0x2  Code  Gb  stm32f4xx_it.o [1]
Dequeue                  0x800'3f21    0x26  Code  Gb  nt_queue.o [1]
Enqueue                  0x800'3eed    0x34  Code  Gb  nt_queue.o [1]
Error_Handler            0x800'3c6d     0x2  Code  Gb  main.o [1]
HAL_ADC_ConfigChannel    0x800'14f7   0x142  Code  Gb  stm32f4xx_hal_adc.o [1]
HAL_ADC_GetValue         0x800'14f1     0x6  Code  Gb  stm32f4xx_hal_adc.o [1]
HAL_ADC_Init             0x800'12f1    0x50  Code  Gb  stm32f4xx_hal_adc.o [1]
HAL_ADC_MspInit          0x800'2447    0x58  Code  Gb  adc.o [1]
HAL_ADC_PollForConversion
                         0x800'1445    0xa6  Code  Gb  stm32f4xx_hal_adc.o [1]
HAL_ADC_Start            0x800'1341    0xd2  Code  Gb  stm32f4xx_hal_adc.o [1]
HAL_ADC_Stop             0x800'1413    0x32  Code  Gb  stm32f4xx_hal_adc.o [1]
HAL_DMA_Abort_IT         0x800'46d1    0x24  Code  Gb  stm32f4xx_hal_dma.o [1]
HAL_Delay                0x800'5e29    0x28  Code  Wk  stm32f4xx_hal.o [1]
HAL_GPIO_Init            0x800'3c71   0x198  Code  Gb  stm32f4xx_hal_gpio.o [1]
HAL_GPIO_WritePin        0x800'3e09     0x8  Code  Gb  stm32f4xx_hal_gpio.o [1]
HAL_GetTick              0x800'24b5     0xc  Code  Wk  stm32f4xx_hal.o [1]
HAL_IWDG_Init            0x800'5d8d    0x44  Code  Gb  stm32f4xx_hal_iwdg.o [1]
HAL_IncTick              0x800'5cb1    0x10  Code  Wk  stm32f4xx_hal.o [1]
HAL_Init                 0x800'48dd    0x30  Code  Gb  stm32f4xx_hal.o [1]
HAL_InitTick             0x800'5ccd    0x70  Code  Gb  stm32f4xx_hal_timebase_tim.o [1]
HAL_MspInit              0x800'5d4d    0x40  Code  Gb  stm32f4xx_hal_msp.o [1]
HAL_NVIC_EnableIRQ       0x800'3ea5     0xa  Code  Gb  stm32f4xx_hal_cortex.o [1]
HAL_NVIC_SetPriority     0x800'3e53    0x52  Code  Gb  stm32f4xx_hal_cortex.o [1]
HAL_NVIC_SetPriorityGrouping
                         0x800'3e39    0x1a  Code  Gb  stm32f4xx_hal_cortex.o [1]
HAL_RCC_ClockConfig      0x800'46f9   0x110  Code  Gb  stm32f4xx_hal_rcc.o [1]
HAL_RCC_GetClockConfig   0x800'482d    0x38  Code  Gb  stm32f4xx_hal_rcc.o [1]
HAL_RCC_GetPCLK1Freq     0x800'4809    0x10  Code  Gb  stm32f4xx_hal_rcc.o [1]
HAL_RCC_GetPCLK2Freq     0x800'4819     0xe  Code  Gb  stm32f4xx_hal_rcc.o [1]
HAL_RCC_OscConfig        0x800'59a9   0x2f8  Code  Gb  stm32f4xx_hal_rcc_ex.o [1]
HAL_TIMEx_BreakCallback
                         0x800'5e23     0x2  Code  Wk  stm32f4xx_hal_tim_ex.o [1]
HAL_TIMEx_CommutationCallback
                         0x800'5e27     0x2  Code  Wk  stm32f4xx_hal_tim_ex.o [1]
HAL_TIMEx_MasterConfigSynchronization
                         0x800'5dd1    0x4c  Code  Gb  stm32f4xx_hal_tim_ex.o [1]
HAL_TIM_Base_Init        0x800'4a9d    0x1e  Code  Gb  stm32f4xx_hal_tim.o [1]
HAL_TIM_Base_MspInit     0x800'4a51    0x36  Code  Gb  tim.o [1]
HAL_TIM_Base_Start_IT    0x800'4abb    0x16  Code  Gb  stm32f4xx_hal_tim.o [1]
HAL_TIM_ConfigClockSource
                         0x800'4c2f   0x124  Code  Gb  stm32f4xx_hal_tim.o [1]
HAL_TIM_IRQHandler       0x800'4ae5   0x14a  Code  Gb  stm32f4xx_hal_tim.o [1]
HAL_TIM_PeriodElapsedCallback
                         0x800'3bbb    0x80  Code  Gb  main.o [1]
HAL_UART_IRQHandler      0x800'365d   0x154  Code  Gb  stm32f4xx_hal_uart.o [1]
HAL_UART_Init            0x800'343d    0x44  Code  Gb  stm32f4xx_hal_uart.o [1]
HAL_UART_MspInit         0x800'1977   0x234  Code  Gb  usart.o [1]
HAL_UART_Receive_IT      0x800'3605    0x46  Code  Gb  stm32f4xx_hal_uart.o [1]
HAL_UART_RxCpltCallback
                         0x800'1bab    0xa0  Code  Gb  usart.o [1]
HAL_UART_Transmit        0x800'3499   0x160  Code  Gb  stm32f4xx_hal_uart.o [1]
HardFault_Handler        0x800'69af     0x2  Code  Gb  stm32f4xx_it.o [1]
InitQueue                0x800'3ecd     0xc  Code  Gb  nt_queue.o [1]
InitializeBoardInfo      0x800'0321   0x148  Code  Gb  etc.o [1]
InitializeData           0x800'0471    0xa6  Code  Gb  etc.o [1]
IsEmpty                  0x800'3ed9    0x14  Code  Gb  nt_queue.o [1]
LoadInt                  0x800'2683    0x7a  Code  Lc  xprintffull.o [2]
MX_ADC1_Init             0x800'23e9    0x5e  Code  Gb  adc.o [1]
MX_FREERTOS_Init         0x800'4e75    0x36  Code  Gb  freertos.o [1]
MX_GPIO_Init             0x800'4911    0xa0  Code  Gb  gpio.o [1]
MX_IWDG_Init             0x800'49b9    0x2c  Code  Gb  iwdg.o [1]
MX_TIM1_Init             0x800'49e5    0x6c  Code  Gb  tim.o [1]
MX_UART4_Init            0x800'1895    0x2c  Code  Gb  usart.o [1]
MX_UART7_Init            0x800'18c1    0x2e  Code  Gb  usart.o [1]
MX_UART_Init             0x800'1c89    0x60  Code  Gb  usart.o [1]
MX_USART1_UART_Init      0x800'18f7    0x2c  Code  Gb  usart.o [1]
MX_USART2_UART_Init      0x800'1923    0x2a  Code  Gb  usart.o [1]
MX_USART3_UART_Init      0x800'194d    0x2a  Code  Gb  usart.o [1]
MemManage_Handler        0x800'69b1     0x2  Code  Gb  stm32f4xx_it.o [1]
NMI_Handler              0x800'69ad     0x2  Code  Gb  stm32f4xx_it.o [1]
ParsingDongACRS1800      0x800'070f   0x1ee  Code  Gb  etc.o [1]
ParsingDongACRS1800N     0x800'0953   0x266  Code  Gb  etc.o [1]
ParsingDongAMR           0x800'0c33   0x21e  Code  Gb  etc.o [1]
ParsingMBRS1200R         0x800'0e85   0x264  Code  Gb  etc.o [1]
ParsingSDPS48N           0x800'1105   0x188  Code  Gb  etc.o [1]
PendSV_Handler           0x800'68a5          Code  Gb  portasm.o [1]
ReadBoardID              0x800'0209    0xe6  Code  Gb  etc.o [1]
Region$$Table$$Base      0x800'6a88           --   Gb  - Linker created -
Region$$Table$$Limit     0x800'6aa8           --   Gb  - Linker created -
SVC_Handler              0x800'68fd          Code  Gb  portasm.o [1]
SetBoardData             0x800'0517    0xbe  Code  Gb  etc.o [1]
StartCom1Task            0x800'4fc5   0x28e  Code  Gb  freertos.o [1]
StartCom2Task            0x800'5253   0x284  Code  Gb  freertos.o [1]
StartCom3Task            0x800'54d7   0x27e  Code  Gb  freertos.o [1]
StartDebugTask           0x800'5755   0x134  Code  Gb  freertos.o [1]
StartMainTask            0x800'4eab   0x11a  Code  Gb  freertos.o [1]
SysTick_Handler          0x800'6839    0x26  Code  Gb  port.o [1]
SystemClock_Config       0x800'3b2b    0x90  Code  Gb  main.o [1]
SystemCoreClock         0x2000'0018     0x4  Data  Gb  system_stm32f4xx.o [1]
SystemInit               0x800'694d    0x3a  Code  Gb  system_stm32f4xx.o [1]
TIM1_UP_TIM10_IRQHandler
                         0x800'69b9     0x6  Code  Gb  stm32f4xx_it.o [1]
TIM6_DAC_IRQHandler      0x800'69d7     0x6  Code  Gb  stm32f4xx_it.o [1]
TIM_Base_SetConfig       0x800'4d61    0x98  Code  Gb  stm32f4xx_hal_tim.o [1]
TIM_TI1_ConfigInputStage
                         0x800'4e29    0x24  Code  Lc  stm32f4xx_hal_tim.o [1]
TIM_TI2_ConfigInputStage
                         0x800'4e4d    0x26  Code  Lc  stm32f4xx_hal_tim.o [1]
TransmissionDetailedDataToMain
                         0x800'0653    0x9c  Code  Gb  etc.o [1]
TransmissionInfoDataToMain
                         0x800'05d5    0x7e  Code  Gb  etc.o [1]
UART4_IRQHandler         0x800'69d1     0x6  Code  Gb  stm32f4xx_it.o [1]
UART7_IRQHandler         0x800'69dd     0x6  Code  Gb  stm32f4xx_it.o [1]
UART_DMAAbortOnError     0x800'37cd     0xc  Code  Lc  stm32f4xx_hal_uart.o [1]
UART_EndRxTransfer       0x800'37b1    0x1c  Code  Lc  stm32f4xx_hal_uart.o [1]
UART_Receive_IT          0x800'37d9    0x88  Code  Lc  stm32f4xx_hal_uart.o [1]
UART_SetConfig           0x800'3861   0x238  Code  Lc  stm32f4xx_hal_uart.o [1]
USART1_IRQHandler        0x800'69bf     0x6  Code  Gb  stm32f4xx_it.o [1]
USART2_IRQHandler        0x800'69c5     0x6  Code  Gb  stm32f4xx_it.o [1]
USART3_IRQHandler        0x800'69cb     0x6  Code  Gb  stm32f4xx_it.o [1]
UsageFault_Handler       0x800'69b5     0x2  Code  Gb  stm32f4xx_it.o [1]
XmitDongACRS1800         0x800'06ef    0x20  Code  Gb  etc.o [1]
XmitDongACRS1800N        0x800'08fd    0x28  Code  Gb  etc.o [1]
XmitDongAMR              0x800'0bbf    0x74  Code  Gb  etc.o [1]
XmitMBRS1200R            0x800'0e65    0x20  Code  Gb  etc.o [1]
_Encoding_8859_1_Mbrlen
                         0x800'1d41     0x2  Code  Gb  xencoding_8859_1.o [2]
_Encoding_8859_1_Wctomb
                         0x800'1d2f    0x12  Code  Gb  xencoding_8859_1.o [2]
_GenldFull               0x800'3115   0x274  Code  Lc  xprintffull.o [2]
_LdtobFull               0x800'2ce9   0x400  Code  Lc  xprintffull.o [2]
_LitobFull               0x800'2b91   0x112  Code  Lc  xprintffull.o [2]
_Locale_lconv           0x2000'001c    0x38  Data  Lc  xlocale_c.o [2]
_PrintfFull              0x800'24c1   0x1aa  Code  Gb  xprintffull.o [2]
_Prout                   0x800'6adb    0x16  Code  Gb  xprout.o [2]
_PutcharsFull            0x800'3389    0x2e  Code  Lc  xprintffull.o [2]
_PutfldFull              0x800'26fd   0x2d8  Code  Lc  xprintffull.o [2]
_PutstrFull              0x800'2acb    0xc6  Code  Lc  xprintffull.o [2]
_PuttxtFull              0x800'29d5    0xf6  Code  Lc  xprintffull.o [2]
_SProut                  0x800'1f4f     0xa  Code  Gb  xsprout.o [2]
__aeabi_cdcmple          0x800'44cd          Code  Gb  DblCmpLe.o [3]
__aeabi_cdrcmple         0x800'44fd          Code  Gb  DblCmpGe.o [3]
__aeabi_d2f              0x800'2345          Code  Gb  DblToFlt.o [3]
__aeabi_d2iz             0x800'23ad          Code  Gb  DblToS32.o [3]
__aeabi_d2uiz            0x800'468d          Code  Gb  DblToU32.o [3]
__aeabi_dadd             0x800'1dd5          Code  Gb  DblAdd.o [3]
__aeabi_ddiv             0x800'20fd          Code  Gb  DblDiv.o [3]
__aeabi_dmul             0x800'1f59          Code  Gb  DblMul.o [3]
__aeabi_dsub             0x800'3fdd          Code  Gb  DblSub.o [3]
__aeabi_f2d              0x800'1d8d          Code  Gb  FltToDbl.o [3]
__aeabi_i2d              0x800'4669          Code  Gb  S32ToDbl.o [3]
__aeabi_ldiv0            0x800'5cc9          Code  Gb  I64DivZer.o [4]
__aeabi_memclr           0x800'1d29          Code  Gb  ABImemclr.o [4]
__aeabi_memclr4          0x800'1ce9          Code  Gb  ABImemclr4.o [4]
__aeabi_memcpy           0x800'1775          Code  Gb  ABImemcpy.o [4]
__aeabi_memcpy4          0x800'1795          Code  Gb  ABImemcpy.o [4]
__aeabi_memcpy8          0x800'1795          Code  Gb  ABImemcpy.o [4]
__aeabi_ui2d             0x800'46b5          Code  Gb  U32ToDbl.o [3]
__aeabi_uldivmod         0x800'422d          Code  Gb  I64DivMod.o [4]
__cmain                  0x800'6aa9          Code  Gb  cmain.o [4]
__exit                   0x800'6491    0x14  Code  Gb  exit.o [5]
__iar_Fail_s             0x800'4151    0x1c  Code  Gb  xfail_s.o [2]
__iar_Mbcurmax           0x800'4221     0xa  Code  Gb  xmbcurmax.o [2]
__iar_Memchr             0x800'41c9          Code  Gb  memchr.o [4]
__iar_Memset4_word       0x800'3f49          Code  Gb  ABImemset48.o [4]
__iar_Memset8_word       0x800'3f49          Code  Gb  ABImemset48.o [4]
__iar_Memset_word        0x800'3f7d          Code  Gb  ABImemset.o [4]
__iar_Stdout            0x2000'009c    0x48  Data  Gb  xfiles.o [2]
__iar_Strchr             0x800'4139          Code  Gb  strchr.o [4]
__iar_dadd               0x800'3fed          Code  Gb  DblSub.o [3]
__iar_data_init3         0x800'6a3d    0x28  Code  Gb  data_init.o [4]
__iar_dsub               0x800'1de5          Code  Gb  DblAdd.o [3]
__iar_dsubStart          0x800'1df7          Code  Gb  DblAdd.o [3]
__iar_frexp              0x800'4469          Code  Gb  frexp.o [3]
__iar_frexpl             0x800'4469          Code  Gb  frexp.o [3]
__iar_globLocale        0x2000'0054    0x48  Data  Lc  xlocale_c.o [2]
__iar_global_Locale      0x800'40c1     0x4  Code  Gb  xlocale_c.o [2]
__iar_init_vfp           0x800'6a65          Code  Gb  fpinit_M.o [3]
__iar_ldexp64            0x800'452d          Code  Gb  ldexp.o [3]
__iar_lz77_init_single3
                         0x800'181b    0x7a  Code  Gb  lz77_init_single.o [4]
__iar_program_start      0x800'6b0d          Code  Gb  cstartup_M.o [4]
__iar_scalbln64          0x800'452d          Code  Gb  ldexp.o [3]
__iar_scalbn64           0x800'452d          Code  Gb  ldexp.o [3]
__iar_softfp___iar_frexp64
                         0x800'445d          Code  Gb  frexp.o [3]
__iar_softfp_frexp       0x800'445d          Code  Gb  frexp.o [3]
__iar_softfp_frexpl      0x800'445d          Code  Gb  frexp.o [3]
__iar_zero_init3         0x800'1cef    0x3a  Code  Gb  zero_init3.o [4]
__low_level_init         0x800'6ac7     0x4  Code  Gb  low_level_init.o [2]
__vector_table           0x800'0000          Data  Gb  startup_stm32f413xx.o [1]
_call_main               0x800'6ab5          Code  Gb  cmain.o [4]
_exit                    0x800'6ad1          Code  Gb  cexit.o [4]
_gLocale_mblen           0x800'4125     0x4  Code  Gb  xlocale_c.o [2]
_gLocale_mblenInt        0x800'40e9    0x2c  Code  Gb  xlocale_c.o [2]
_gLocale_wctomb          0x800'4129     0x4  Code  Gb  xlocale_c.o [2]
_gLocale_wctombInt       0x800'4121     0x4  Code  Gb  xlocale_c.o [2]
_main                    0x800'6ac3          Code  Gb  cmain.o [4]
abort                    0x800'5cc1     0x6  Code  Gb  abort.o [2]
comData                 0x2000'5f98    0xd0  Data  Gb  etc.o [1]
commError               0x2000'646c     0x4  Data  Gb  freertos.o [1]
crc_table               0x2000'5d98   0x200  Data  Gb  etc.o [1]
debugTaskHandle         0x2000'64e8     0x4  Data  Gb  freertos.o [1]
exit                     0x800'6acb     0x4  Code  Gb  exit.o [2]
fputc                    0x800'3aad    0x24  Code  Gb  main.o [1]
get_crc_table            0x800'01d9    0x30  Code  Gb  etc.o [1]
hadc1                   0x2000'62ec    0x48  Data  Gb  adc.o [1]
hiwdg                   0x2000'64cc     0xc  Data  Gb  iwdg.o [1]
htim1                   0x2000'6430    0x3c  Data  Gb  tim.o [1]
htim6                   0x2000'63f4    0x3c  Data  Gb  stm32f4xx_hal_timebase_tim.o [1]
huart1                  0x2000'6334    0x40  Data  Gb  usart.o [1]
huart2                  0x2000'6374    0x40  Data  Gb  usart.o [1]
huart3                  0x2000'63b4    0x40  Data  Gb  usart.o [1]
huart4                  0x2000'3d08    0x40  Data  Gb  usart.o [1]
huart7                  0x2000'3d48    0x40  Data  Gb  usart.o [1]
iwdgTick                0x2000'64d8     0x4  Data  Gb  main.o [1]
ldexp                    0x800'452d          Code  Gb  ldexp.o [3]
ldexpl                   0x800'452d          Code  Gb  ldexp.o [3]
localeconv               0x800'412d     0x4  Code  Gb  xlocale_c.o [2]
main                     0x800'3ad1    0x5a  Code  Gb  main.o [1]
mainReceiveBuffer       0x2000'3d04     0x2  Data  Gb  usart.o [1]
mainReceiveQueue        0x2000'5594   0x804  Data  Gb  usart.o [1]
mainRecvTime            0x2000'6484     0x2  Data  Gb  freertos.o [1]
mainTaskHandle          0x2000'6488     0x4  Data  Gb  freertos.o [1]
memchr                   0x800'41c9          Code  Gb  memchr.o [4]
memcmp                   0x800'5e51          Code  Gb  memcmp.o [4]
myInfo                  0x2000'6068    0x2c  Data  Gb  etc.o [1]
obuf                    0x2000'629c    0x50  Data  Lc  xfiles.o [2]
osDelay                  0x800'5999     0xe  Code  Gb  cmsis_os.o [1]
osKernelStart            0x800'5955     0xa  Code  Gb  cmsis_os.o [1]
osThreadCreate           0x800'595f    0x30  Code  Gb  cmsis_os.o [1]
osThreadTerminate        0x800'598f     0xa  Code  Gb  cmsis_os.o [1]
printf                   0x800'174d    0x28  Code  Gb  printf.o [2]
prvAddCurrentTaskToDelayedList
                         0x800'641d    0x64  Code  Lc  tasks.o [1]
prvAddNewTaskToReadyList
                         0x800'5f7b    0xe4  Code  Lc  tasks.o [1]
prvIdleTask              0x800'6381    0x6c  Code  Lc  tasks.o [1]
prvInsertBlockIntoFreeList
                         0x800'661b    0x48  Code  Lc  heap_4.o [1]
prvResetNextTaskUnblockTime
                         0x800'63ed    0x1a  Code  Lc  tasks.o [1]
prvTaskExitError         0x800'6725    0x1c  Code  Lc  port.o [1]
putchar                  0x800'6af1     0xc  Code  Gb  putchar.o [2]
pvPortMalloc             0x800'64a5   0x11e  Code  Gb  heap_4.o [1]
pxCurrentTCB            0x2000'6198     0x4  Data  Gb  tasks.o [1]
pxDelayedTaskList       0x2000'619c     0x4  Data  Lc  tasks.o [1]
pxEnd                   0x2000'00ec     0x4  Data  Lc  heap_4.o [1]
pxOverflowDelayedTaskList
                        0x2000'61a0     0x4  Data  Lc  tasks.o [1]
pxPortInitialiseStack    0x800'66fd    0x26  Code  Gb  port.o [1]
pxReadyTasksLists       0x2000'6210    0x8c  Data  Lc  tasks.o [1]
receiveBuffer           0x2000'3cfc     0x8  Data  Gb  usart.o [1]
receiveQueue            0x2000'3d88  0x180c  Data  Gb  usart.o [1]
recvTime                0x2000'647c     0x8  Data  Gb  freertos.o [1]
replyData               0x2000'64bc    0x10  Data  Gb  etc.o [1]
replyDetailedData       0x2000'6094    0xdc  Data  Gb  etc.o [1]
replyDetailedLength     0x2000'64ba     0x2  Data  Gb  etc.o [1]
replyInfoData           0x2000'6498    0x20  Data  Gb  etc.o [1]
replyInfoLength         0x2000'64b8     0x2  Data  Gb  etc.o [1]
scalbln                  0x800'452d          Code  Gb  ldexp.o [3]
scalblnl                 0x800'452d          Code  Gb  ldexp.o [3]
scalbn                   0x800'452d          Code  Gb  ldexp.o [3]
scalbnl                  0x800'452d          Code  Gb  ldexp.o [3]
scale                    0x800'2ca3    0x46  Code  Lc  xprintffull.o [2]
sec                     0x2000'64e0     0x4  Data  Gb  main.o [1]
sec_hand                0x2000'64ec     0x4  Data  Lc  xfail_s.o [2]
setupPortDevice         0x2000'6470     0x1  Data  Gb  freertos.o [1]
slotID                  0x2000'64f0     0x1  Data  Gb  etc.o [1]
sprintf                  0x800'1d4d    0x40  Code  Gb  sprintf.o [2]
strchr                   0x800'4139          Code  Gb  strchr.o [4]
strlen                   0x800'4191          Code  Gb  strlen.o [4]
tickMs                  0x2000'64dc     0x4  Data  Gb  main.o [1]
ucHeap                  0x2000'00fc  0x3c00  Data  Lc  heap_4.o [1]
ucMaxSysCallPriority    0x2000'0000     0x1  Data  Lc  port.o [1]
ulMaxPRIGROUPValue      0x2000'0008     0x4  Data  Lc  port.o [1]
useModule               0x2000'64e4     0x4  Data  Gb  etc.o [1]
uwTick                  0x2000'0010     0x4  Data  Gb  stm32f4xx_hal.o [1]
uwTickFreq              0x2000'000c     0x1  Data  Gb  stm32f4xx_hal.o [1]
uwTickPrio              0x2000'0014     0x4  Data  Gb  stm32f4xx_hal.o [1]
uxCriticalNesting       0x2000'0004     0x4  Data  Lc  port.o [1]
uxCurrentNumberOfTasks  0x2000'61bc     0x4  Data  Lc  tasks.o [1]
uxDeletedTasksWaitingCleanUp
                        0x2000'61a4     0x4  Data  Lc  tasks.o [1]
uxListRemove             0x800'66d9    0x24  Code  Gb  list.o [1]
uxPendedTicks           0x2000'61cc     0x4  Data  Lc  tasks.o [1]
uxSchedulerSuspended    0x2000'61e0     0x4  Data  Lc  tasks.o [1]
uxTaskNumber            0x2000'61d8     0x4  Data  Lc  tasks.o [1]
uxTopReadyPriority      0x2000'61c4     0x4  Data  Lc  tasks.o [1]
vListInitialise          0x800'6669    0x1a  Code  Gb  list.o [1]
vListInitialiseItem      0x800'6683     0x6  Code  Gb  list.o [1]
vListInsert              0x800'66a5    0x34  Code  Gb  list.o [1]
vListInsertEnd           0x800'6689    0x1c  Code  Gb  list.o [1]
vPortEnableVFP           0x800'6931          Code  Gb  portasm.o [1]
vPortEnterCritical       0x800'67e5    0x32  Code  Gb  port.o [1]
vPortExitCritical        0x800'6817    0x22  Code  Gb  port.o [1]
vPortFree                0x800'65c3    0x58  Code  Gb  heap_4.o [1]
vPortStartFirstTask      0x800'6919          Code  Gb  portasm.o [1]
vTaskDelay               0x800'610b    0x42  Code  Gb  tasks.o [1]
vTaskDelete              0x800'605f    0xac  Code  Gb  tasks.o [1]
vTaskStartScheduler      0x800'614d    0x62  Code  Gb  tasks.o [1]
vTaskSuspendAll          0x800'61af     0xc  Code  Gb  tasks.o [1]
vTaskSwitchContext       0x800'632b    0x54  Code  Gb  tasks.o [1]
xBlockAllocatedBit      0x2000'00f8     0x4  Data  Lc  heap_4.o [1]
xDelayedTaskList1       0x2000'61e4    0x14  Data  Lc  tasks.o [1]
xDelayedTaskList2       0x2000'61f8    0x14  Data  Lc  tasks.o [1]
xFreeBytesRemaining     0x2000'00f0     0x4  Data  Lc  heap_4.o [1]
xIdleTaskHandle         0x2000'620c     0x4  Data  Lc  tasks.o [1]
xMinimumEverFreeBytesRemaining
                        0x2000'00f4     0x4  Data  Lc  heap_4.o [1]
xNextTaskUnblockTime    0x2000'61dc     0x4  Data  Lc  tasks.o [1]
xNumOfOverflows         0x2000'61d4     0x4  Data  Lc  tasks.o [1]
xPendingReadyList       0x2000'6170    0x14  Data  Lc  tasks.o [1]
xPortStartScheduler      0x800'6741    0xa4  Code  Gb  port.o [1]
xSchedulerRunning       0x2000'61c8     0x4  Data  Lc  tasks.o [1]
xStart                  0x2000'00e4     0x8  Data  Lc  heap_4.o [1]
xSuspendedTaskList      0x2000'61a8    0x14  Data  Lc  tasks.o [1]
xTaskCreate              0x800'5eb9    0xc2  Code  Gb  tasks.o [1]
xTaskIncrementTick       0x800'6267    0xc4  Code  Gb  tasks.o [1]
xTaskResumeAll           0x800'61bb    0xac  Code  Gb  tasks.o [1]
xTasksWaitingTermination
                        0x2000'6184    0x14  Data  Lc  tasks.o [1]
xTickCount              0x2000'61c0     0x4  Data  Lc  tasks.o [1]
xYieldPending           0x2000'61d0     0x4  Data  Lc  tasks.o [1]
xmitTime                0x2000'6474     0x8  Data  Gb  freertos.o [1]


[1] = F:\SpaceHub\Indoor\NT232\EWARM\NT232\Obj
[2] = dl7M_tlf.a
[3] = m7M_tls.a
[4] = rt7M_tl.a
[5] = shb_l.a

  27 674 bytes of readonly  code memory
     195 bytes of readonly  data memory
  26 865 bytes of readwrite data memory

Errors: none
Warnings: none
