###############################################################################
#
# IAR ELF Linker V8.30.2.160/W32 for ARM                  16/May/2019  12:19:15
# Copyright 2007-2018 IAR Systems AB.
#
#    Output file  =  d:\Project\Ntriever\신규RCU\Workspace\Image\NT485.out
#    Map file     =  
#        D:\Project\Ntriever\신규RCU\Workspace\NT485\EWARM\NT485\List\NT485.map
#    Command line =  
#        -f C:\Users\alpongso\AppData\Local\Temp\EW4D6E.tmp
#        (D:\Project\Ntriever\신규RCU\Workspace\NT485\EWARM\NT485\Obj\adc.o
#        D:\Project\Ntriever\신규RCU\Workspace\NT485\EWARM\NT485\Obj\cmsis_os.o
#        D:\Project\Ntriever\신규RCU\Workspace\NT485\EWARM\NT485\Obj\croutine.o
#        D:\Project\Ntriever\신규RCU\Workspace\NT485\EWARM\NT485\Obj\etc.o
#        D:\Project\Ntriever\신규RCU\Workspace\NT485\EWARM\NT485\Obj\event_groups.o
#        D:\Project\Ntriever\신규RCU\Workspace\NT485\EWARM\NT485\Obj\freertos.o
#        D:\Project\Ntriever\신규RCU\Workspace\NT485\EWARM\NT485\Obj\gpio.o
#        D:\Project\Ntriever\신규RCU\Workspace\NT485\EWARM\NT485\Obj\heap_4.o
#        D:\Project\Ntriever\신규RCU\Workspace\NT485\EWARM\NT485\Obj\iwdg.o
#        D:\Project\Ntriever\신규RCU\Workspace\NT485\EWARM\NT485\Obj\list.o
#        D:\Project\Ntriever\신규RCU\Workspace\NT485\EWARM\NT485\Obj\main.o
#        D:\Project\Ntriever\신규RCU\Workspace\NT485\EWARM\NT485\Obj\nt_queue.o
#        D:\Project\Ntriever\신규RCU\Workspace\NT485\EWARM\NT485\Obj\port.o
#        D:\Project\Ntriever\신규RCU\Workspace\NT485\EWARM\NT485\Obj\portasm.o
#        D:\Project\Ntriever\신규RCU\Workspace\NT485\EWARM\NT485\Obj\queue.o
#        D:\Project\Ntriever\신규RCU\Workspace\NT485\EWARM\NT485\Obj\startup_stm32f413xx.o
#        D:\Project\Ntriever\신규RCU\Workspace\NT485\EWARM\NT485\Obj\stm32f4xx_hal.o
#        D:\Project\Ntriever\신규RCU\Workspace\NT485\EWARM\NT485\Obj\stm32f4xx_hal_adc.o
#        D:\Project\Ntriever\신규RCU\Workspace\NT485\EWARM\NT485\Obj\stm32f4xx_hal_adc_ex.o
#        D:\Project\Ntriever\신규RCU\Workspace\NT485\EWARM\NT485\Obj\stm32f4xx_hal_cortex.o
#        D:\Project\Ntriever\신규RCU\Workspace\NT485\EWARM\NT485\Obj\stm32f4xx_hal_dma.o
#        D:\Project\Ntriever\신규RCU\Workspace\NT485\EWARM\NT485\Obj\stm32f4xx_hal_dma_ex.o
#        D:\Project\Ntriever\신규RCU\Workspace\NT485\EWARM\NT485\Obj\stm32f4xx_hal_flash.o
#        D:\Project\Ntriever\신규RCU\Workspace\NT485\EWARM\NT485\Obj\stm32f4xx_hal_flash_ex.o
#        D:\Project\Ntriever\신규RCU\Workspace\NT485\EWARM\NT485\Obj\stm32f4xx_hal_flash_ramfunc.o
#        D:\Project\Ntriever\신규RCU\Workspace\NT485\EWARM\NT485\Obj\stm32f4xx_hal_gpio.o
#        D:\Project\Ntriever\신규RCU\Workspace\NT485\EWARM\NT485\Obj\stm32f4xx_hal_iwdg.o
#        D:\Project\Ntriever\신규RCU\Workspace\NT485\EWARM\NT485\Obj\stm32f4xx_hal_msp.o
#        D:\Project\Ntriever\신규RCU\Workspace\NT485\EWARM\NT485\Obj\stm32f4xx_hal_pwr.o
#        D:\Project\Ntriever\신규RCU\Workspace\NT485\EWARM\NT485\Obj\stm32f4xx_hal_pwr_ex.o
#        D:\Project\Ntriever\신규RCU\Workspace\NT485\EWARM\NT485\Obj\stm32f4xx_hal_rcc.o
#        D:\Project\Ntriever\신규RCU\Workspace\NT485\EWARM\NT485\Obj\stm32f4xx_hal_rcc_ex.o
#        D:\Project\Ntriever\신규RCU\Workspace\NT485\EWARM\NT485\Obj\stm32f4xx_hal_tim.o
#        D:\Project\Ntriever\신규RCU\Workspace\NT485\EWARM\NT485\Obj\stm32f4xx_hal_tim_ex.o
#        D:\Project\Ntriever\신규RCU\Workspace\NT485\EWARM\NT485\Obj\stm32f4xx_hal_timebase_tim.o
#        D:\Project\Ntriever\신규RCU\Workspace\NT485\EWARM\NT485\Obj\stm32f4xx_hal_uart.o
#        D:\Project\Ntriever\신규RCU\Workspace\NT485\EWARM\NT485\Obj\stm32f4xx_it.o
#        D:\Project\Ntriever\신규RCU\Workspace\NT485\EWARM\NT485\Obj\system_stm32f4xx.o
#        D:\Project\Ntriever\신규RCU\Workspace\NT485\EWARM\NT485\Obj\tasks.o
#        D:\Project\Ntriever\신규RCU\Workspace\NT485\EWARM\NT485\Obj\tim.o
#        D:\Project\Ntriever\신규RCU\Workspace\NT485\EWARM\NT485\Obj\timers.o
#        D:\Project\Ntriever\신규RCU\Workspace\NT485\EWARM\NT485\Obj\usart.o
#        --redirect _Printf=_PrintfFull --redirect _Scanf=_ScanfFull
#        --no_out_extension -o
#        d:\Project\Ntriever\신규RCU\Workspace\Image\NT485.out --map
#        D:\Project\Ntriever\신규RCU\Workspace\NT485\EWARM\NT485\List\NT485.map
#        --config
#        D:\Project\Ntriever\신규RCU\Workspace\NT485\EWARM/stm32f413xx_flash.icf
#        --semihosting --entry __iar_program_start --vfe --text_out locale)
#
###############################################################################

*******************************************************************************
*** RUNTIME MODEL ATTRIBUTES
***

CppFlavor       = *
__SystemLibrary = DLib
__dlib_version  = 6


*******************************************************************************
*** HEAP SELECTION
***

The basic heap was selected because no calls to memory allocation
functions were found in the application outside of system library
functions, and there are calls to deallocation functions in the
application.


*******************************************************************************
*** PLACEMENT SUMMARY
***

"A0":  place at 0x800'0000 { ro section .intvec };
"P1":  place in [from 0x800'0000 to 0x817'ffff] { ro };
define block CSTACK with size = 4K, alignment = 8 { };
define block HEAP with size = 4K, alignment = 8 { };
"P2":  place in [from 0x2000'0000 to 0x2004'ffff] {
          rw, block CSTACK, block HEAP };
initialize by copy { rw };

  Section            Kind         Address     Size  Object
  -------            ----         -------     ----  ------
"A0":                                        0x1d8
  .intvec            ro code   0x800'0000    0x1d8  startup_stm32f413xx.o [1]
                             - 0x800'01d8    0x1d8

"P1":                                       0x659f
  .text              ro code   0x800'01d8    0xf7a  xprintffull.o [2]
  .text              ro code   0x800'1152     0x7a  lz77_init_single.o [4]
  .text              ro code   0x800'11cc     0x78  xlocale_c.o [2]
  .text              ro code   0x800'1244     0x16  strchr.o [4]
  .text              ro code   0x800'125a     0x3a  zero_init3.o [4]
  .text              ro code   0x800'1294     0x40  xfail_s.o [2]
  .text              ro code   0x800'12d4     0x36  strlen.o [4]
  .text              ro code   0x800'130a     0x1e  xencoding_8859_1.o [2]
  .text              ro code   0x800'1328     0x58  memchr.o [4]
  .text              ro code   0x800'1380      0xa  xmbcurmax.o [2]
  .text              ro code   0x800'138a      0xa  xsprout.o [2]
  .text              ro code   0x800'1394     0xa6  ABImemcpy.o [4]
  .text              ro code   0x800'143c    0x230  I64DivMod.o [4]
  .text              ro code   0x800'166c    0x1a2  DblMul.o [3]
  .text              ro code   0x800'1810     0x70  frexp.o [3]
  .text              ro code   0x800'1880     0x2e  DblCmpLe.o [3]
  .text              ro code   0x800'18b0     0x2e  DblCmpGe.o [3]
  .text              ro code   0x800'18e0    0x13a  ldexp.o [3]
  .text              ro code   0x800'1a1c     0x3a  DblToS32.o [3]
  .text              ro code   0x800'1a58     0x22  S32ToDbl.o [3]
  .text              ro code   0x800'1a7c     0xe2  DblSub.o [3]
  .text              ro code   0x800'1b60    0x246  DblDiv.o [3]
  .text              ro code   0x800'1da8     0x28  DblToU32.o [3]
  .text              ro code   0x800'1dd0     0x1a  U32ToDbl.o [3]
  .text              ro code   0x800'1dea      0x6  abort.o [2]
  .text              ro code   0x800'1df0      0x2  I64DivZer.o [4]
  .text              ro code   0x800'1df4    0x16a  DblAdd.o [3]
  .text              ro code   0x800'1f60     0x14  exit.o [5]
  .text              ro code   0x800'1f74    0xe48  etc.o [1]
  .text              ro code   0x800'2dbc    0x468  stm32f4xx_hal_adc.o [1]
  .text              ro code   0x800'3224     0x28  printf.o [2]
  .text              ro code   0x800'324c    0x436  usart.o [1]
  .text              ro code   0x800'3684      0x6  ABImemclr4.o [4]
  .text              ro code   0x800'368c     0xcc  adc.o [1]
  .text              ro code   0x800'3758      0xc  stm32f4xx_hal.o [1]
  .text              ro code   0x800'3764    0x6c8  stm32f4xx_hal_uart.o [1]
  .text              ro code   0x800'3e2c    0x1c2  main.o [1]
  .text              ro code   0x800'3ff0    0x1cc  stm32f4xx_hal_gpio.o [1]
  .text              ro code   0x800'41bc     0x98  stm32f4xx_hal_cortex.o [1]
  .text              ro code   0x800'4254     0x94  nt_queue.o [1]
  .text              ro code   0x800'42e8     0x32  ABImemset48.o [4]
  .text              ro code   0x800'431c     0x24  stm32f4xx_hal_dma.o [1]
  .text              ro code   0x800'4340      0x2  stm32f4xx_hal_uart.o [1]
  .text              ro code   0x800'4342      0x2  stm32f4xx_hal_uart.o [1]
  .text              ro code   0x800'4344    0x1dc  stm32f4xx_hal_rcc.o [1]
  .text              ro code   0x800'4520     0x34  stm32f4xx_hal.o [1]
  .text              ro code   0x800'4554     0xa8  gpio.o [1]
  .text              ro code   0x800'45fc     0x2c  iwdg.o [1]
  .text              ro code   0x800'4628     0xb0  tim.o [1]
  .text              ro code   0x800'46d8    0x39e  stm32f4xx_hal_tim.o [1]
  .text              ro code   0x800'4a78    0x92c  freertos.o [1]
  .text              ro code   0x800'53a4     0x5c  cmsis_os.o [1]
  .text              ro code   0x800'5400    0x300  stm32f4xx_hal_rcc_ex.o [1]
  .text              ro code   0x800'5700     0x10  stm32f4xx_hal.o [1]
  .text              ro code   0x800'5710     0x7c  stm32f4xx_hal_timebase_tim.o [1]
  .text              ro code   0x800'578c     0x40  stm32f4xx_hal_msp.o [1]
  .text              ro code   0x800'57cc     0x44  stm32f4xx_hal_iwdg.o [1]
  .text              ro code   0x800'5810     0x4a  stm32f4xx_hal_tim_ex.o [1]
  .text              ro code   0x800'585a      0x2  stm32f4xx_hal_tim.o [1]
  .text              ro code   0x800'585c      0x2  stm32f4xx_hal_tim.o [1]
  .text              ro code   0x800'585e      0x2  stm32f4xx_hal_tim_ex.o [1]
  .text              ro code   0x800'5860      0x2  stm32f4xx_hal_tim.o [1]
  .text              ro code   0x800'5862      0x2  stm32f4xx_hal_tim_ex.o [1]
  .text              ro code   0x800'5864      0x2  stm32f4xx_hal_tim.o [1]
  .text              ro code   0x800'5868     0x28  stm32f4xx_hal.o [1]
  .text              ro code   0x800'5890     0x40  sprintf.o [2]
  .text              ro code   0x800'58d0     0x68  memcmp.o [4]
  .text              ro code   0x800'5938      0x6  ABImemclr.o [4]
  .text              ro code   0x800'5940    0x5c8  tasks.o [1]
  .text              ro code   0x800'5f08     0x5e  ABImemset.o [4]
  .text              ro code   0x800'5f68    0x1b4  heap_4.o [1]
  .text              ro code   0x800'611c     0x90  list.o [1]
  .text              ro code   0x800'61ac    0x190  port.o [1]
  CODE               ro code   0x800'633c     0xa8  portasm.o [1]
  .text              ro code   0x800'63e4     0x60  system_stm32f4xx.o [1]
  .text              ro code   0x800'6444     0x54  stm32f4xx_it.o [1]
  .rodata            const     0x800'6498     0x3c  freertos.o [1]
  .text              ro code   0x800'64d4     0x28  data_init.o [4]
  .text              ro code   0x800'64fc     0x22  fpinit_M.o [3]
  .iar.init_table    const     0x800'6520     0x20  - Linker created -
  .text              ro code   0x800'6540     0x1e  cmain.o [4]
  .text              ro code   0x800'655e      0x4  low_level_init.o [2]
  .text              ro code   0x800'6562      0x4  exit.o [2]
  .text              ro code   0x800'6568      0xa  cexit.o [4]
  .text              ro code   0x800'6572     0x16  xprout.o [2]
  .text              ro code   0x800'6588      0xc  putchar.o [2]
  .text              ro code   0x800'6594     0x10  startup_stm32f413xx.o [1]
  .text              ro code   0x800'65a4      0xc  cstartup_M.o [4]
  .rodata            const     0x800'65b0      0x8  system_stm32f4xx.o [1]
  .rodata            const     0x800'65b8      0x6  xlocale_c.o [2]
  .text              ro code   0x800'65be      0x4  startup_stm32f413xx.o [1]
  .text              ro code   0x800'65c2      0x4  startup_stm32f413xx.o [1]
  .text              ro code   0x800'65c6      0x4  startup_stm32f413xx.o [1]
  .text              ro code   0x800'65ca      0x4  startup_stm32f413xx.o [1]
  .text              ro code   0x800'65ce      0x4  startup_stm32f413xx.o [1]
  .text              ro code   0x800'65d2      0x4  startup_stm32f413xx.o [1]
  .text              ro code   0x800'65d6      0x4  startup_stm32f413xx.o [1]
  .text              ro code   0x800'65da      0x4  startup_stm32f413xx.o [1]
  .text              ro code   0x800'65de      0x4  startup_stm32f413xx.o [1]
  .text              ro code   0x800'65e2      0x4  startup_stm32f413xx.o [1]
  .text              ro code   0x800'65e6      0x4  startup_stm32f413xx.o [1]
  .text              ro code   0x800'65ea      0x4  startup_stm32f413xx.o [1]
  .text              ro code   0x800'65ee      0x4  startup_stm32f413xx.o [1]
  .text              ro code   0x800'65f2      0x4  startup_stm32f413xx.o [1]
  .text              ro code   0x800'65f6      0x4  startup_stm32f413xx.o [1]
  .text              ro code   0x800'65fa      0x4  startup_stm32f413xx.o [1]
  .text              ro code   0x800'65fe      0x4  startup_stm32f413xx.o [1]
  .text              ro code   0x800'6602      0x4  startup_stm32f413xx.o [1]
  .text              ro code   0x800'6606      0x4  startup_stm32f413xx.o [1]
  .text              ro code   0x800'660a      0x4  startup_stm32f413xx.o [1]
  .text              ro code   0x800'660e      0x4  startup_stm32f413xx.o [1]
  .text              ro code   0x800'6612      0x4  startup_stm32f413xx.o [1]
  .text              ro code   0x800'6616      0x4  startup_stm32f413xx.o [1]
  .text              ro code   0x800'661a      0x4  startup_stm32f413xx.o [1]
  .text              ro code   0x800'661e      0x4  startup_stm32f413xx.o [1]
  .text              ro code   0x800'6622      0x4  startup_stm32f413xx.o [1]
  .text              ro code   0x800'6626      0x4  startup_stm32f413xx.o [1]
  .text              ro code   0x800'662a      0x4  startup_stm32f413xx.o [1]
  .text              ro code   0x800'662e      0x4  startup_stm32f413xx.o [1]
  .text              ro code   0x800'6632      0x4  startup_stm32f413xx.o [1]
  .text              ro code   0x800'6636      0x4  startup_stm32f413xx.o [1]
  .text              ro code   0x800'663a      0x4  startup_stm32f413xx.o [1]
  .text              ro code   0x800'663e      0x4  startup_stm32f413xx.o [1]
  .text              ro code   0x800'6642      0x4  startup_stm32f413xx.o [1]
  .text              ro code   0x800'6646      0x4  startup_stm32f413xx.o [1]
  .text              ro code   0x800'664a      0x4  startup_stm32f413xx.o [1]
  .text              ro code   0x800'664e      0x4  startup_stm32f413xx.o [1]
  .text              ro code   0x800'6652      0x4  startup_stm32f413xx.o [1]
  .text              ro code   0x800'6656      0x4  startup_stm32f413xx.o [1]
  .text              ro code   0x800'665a      0x4  startup_stm32f413xx.o [1]
  .text              ro code   0x800'665e      0x4  startup_stm32f413xx.o [1]
  .text              ro code   0x800'6662      0x4  startup_stm32f413xx.o [1]
  .text              ro code   0x800'6666      0x4  startup_stm32f413xx.o [1]
  .text              ro code   0x800'666a      0x4  startup_stm32f413xx.o [1]
  .text              ro code   0x800'666e      0x4  startup_stm32f413xx.o [1]
  .text              ro code   0x800'6672      0x4  startup_stm32f413xx.o [1]
  .text              ro code   0x800'6676      0x4  startup_stm32f413xx.o [1]
  .text              ro code   0x800'667a      0x4  startup_stm32f413xx.o [1]
  .text              ro code   0x800'667e      0x4  startup_stm32f413xx.o [1]
  .text              ro code   0x800'6682      0x4  startup_stm32f413xx.o [1]
  .text              ro code   0x800'6686      0x4  startup_stm32f413xx.o [1]
  .text              ro code   0x800'668a      0x4  startup_stm32f413xx.o [1]
  .text              ro code   0x800'668e      0x4  startup_stm32f413xx.o [1]
  .text              ro code   0x800'6692      0x4  startup_stm32f413xx.o [1]
  .text              ro code   0x800'6696      0x4  startup_stm32f413xx.o [1]
  .text              ro code   0x800'669a      0x4  startup_stm32f413xx.o [1]
  .text              ro code   0x800'669e      0x4  startup_stm32f413xx.o [1]
  .text              ro code   0x800'66a2      0x4  startup_stm32f413xx.o [1]
  .text              ro code   0x800'66a6      0x4  startup_stm32f413xx.o [1]
  .text              ro code   0x800'66aa      0x4  startup_stm32f413xx.o [1]
  .text              ro code   0x800'66ae      0x4  startup_stm32f413xx.o [1]
  .text              ro code   0x800'66b2      0x4  startup_stm32f413xx.o [1]
  .text              ro code   0x800'66b6      0x4  startup_stm32f413xx.o [1]
  .text              ro code   0x800'66ba      0x4  startup_stm32f413xx.o [1]
  .text              ro code   0x800'66be      0x4  startup_stm32f413xx.o [1]
  .text              ro code   0x800'66c2      0x4  startup_stm32f413xx.o [1]
  .text              ro code   0x800'66c6      0x4  startup_stm32f413xx.o [1]
  .text              ro code   0x800'66ca      0x4  startup_stm32f413xx.o [1]
  .text              ro code   0x800'66ce      0x4  startup_stm32f413xx.o [1]
  .text              ro code   0x800'66d2      0x4  startup_stm32f413xx.o [1]
  .text              ro code   0x800'66d6      0x4  startup_stm32f413xx.o [1]
  .text              ro code   0x800'66da      0x4  startup_stm32f413xx.o [1]
  .text              ro code   0x800'66de      0x4  startup_stm32f413xx.o [1]
  .text              ro code   0x800'66e2      0x4  startup_stm32f413xx.o [1]
  .text              ro code   0x800'66e6      0x4  startup_stm32f413xx.o [1]
  .text              ro code   0x800'66ea      0x4  startup_stm32f413xx.o [1]
  .text              ro code   0x800'66ee      0x4  startup_stm32f413xx.o [1]
  .text              ro code   0x800'66f2      0x4  startup_stm32f413xx.o [1]
  .text              ro code   0x800'66f6      0x4  startup_stm32f413xx.o [1]
  .text              ro code   0x800'66fa      0x4  startup_stm32f413xx.o [1]
  .text              ro code   0x800'66fe      0x4  startup_stm32f413xx.o [1]
  .text              ro code   0x800'6702      0x4  startup_stm32f413xx.o [1]
  .text              ro code   0x800'6706      0x4  startup_stm32f413xx.o [1]
  .text              ro code   0x800'670a      0x4  startup_stm32f413xx.o [1]
  .text              ro code   0x800'670e      0x4  startup_stm32f413xx.o [1]
  .text              ro code   0x800'6712      0x4  startup_stm32f413xx.o [1]
  .text              ro code   0x800'6716      0x4  startup_stm32f413xx.o [1]
  .text              ro code   0x800'671a      0x4  startup_stm32f413xx.o [1]
  .rodata            const     0x800'671e      0x0  zero_init3.o [4]
  .rodata            const     0x800'671e      0x0  lz77_init_single.o [4]
  Initializer bytes  const     0x800'671e     0x59  <for P2-1>
                             - 0x800'6777   0x659f

"P2", part 1 of 3:                            0xe4
  P2-1                        0x2000'0000     0xe4  <Init block>
    .data            inited   0x2000'0000      0xc  port.o [1]
    .data            inited   0x2000'000c      0xc  stm32f4xx_hal.o [1]
    .data            inited   0x2000'0018      0x4  system_stm32f4xx.o [1]
    .data            inited   0x2000'001c     0x38  xlocale_c.o [2]
    .data            inited   0x2000'0054     0x48  xlocale_c.o [2]
    .data            inited   0x2000'009c     0x48  xfiles.o [2]
                            - 0x2000'00e4     0xe4

"P2", part 2 of 3:                         0x14edc
  .bss               zero     0x2000'00e4   0x5018  heap_4.o [1]
  .bss               zero     0x2000'50fc   0x36b0  etc.o [1]
  .bss               zero     0x2000'87ac   0x36b0  etc.o [1]
  .bss               zero     0x2000'be5c   0x36b0  etc.o [1]
  .bss               zero     0x2000'f50c   0x209c  usart.o [1]
  .bss               zero     0x2001'15a8   0x177c  etc.o [1]
  .bss               zero     0x2001'2d24   0x1770  etc.o [1]
  .bss               zero     0x2001'4494    0x7d2  etc.o [1]
  .bss               zero     0x2001'4c66      0x2  etc.o [1]
  .bss               zero     0x2001'4c68     0xa0  tasks.o [1]
  .bss               zero     0x2001'4d08     0x8c  tasks.o [1]
  .bss               zero     0x2001'4d94     0x50  xfiles.o [2]
  .bss               zero     0x2001'4de4     0x48  adc.o [1]
  .bss               zero     0x2001'4e2c     0x40  usart.o [1]
  .bss               zero     0x2001'4e6c     0x40  usart.o [1]
  .bss               zero     0x2001'4eac     0x40  usart.o [1]
  .bss               zero     0x2001'4eec     0x3c  stm32f4xx_hal_timebase_tim.o [1]
  .bss               zero     0x2001'4f28     0x3c  tim.o [1]
  .bss               zero     0x2001'4f64     0x20  freertos.o [1]
  .bss               zero     0x2001'4f84     0x11  etc.o [1]
  .bss               zero     0x2001'4f98      0xc  iwdg.o [1]
  .bss               zero     0x2001'4fa4      0xc  main.o [1]
  .bss               zero     0x2001'4fb0      0x8  freertos.o [1]
  .bss               zero     0x2001'4fb8      0x4  freertos.o [1]
  .bss               zero     0x2001'4fbc      0x4  xfail_s.o [2]
                            - 0x2001'4fc0  0x14edc

"P2", part 3 of 3:                          0x1000
  CSTACK                      0x2001'4fc0   0x1000  <Block>
    CSTACK           uninit   0x2001'4fc0   0x1000  <Block tail>
                            - 0x2001'5fc0   0x1000

Unused ranges:

         From           To       Size
         ----           --       ----
   0x800'6777   0x817'ffff  0x17'9889
  0x2001'5fc0  0x2004'ffff   0x3'a040


*******************************************************************************
*** INIT TABLE
***

          Address      Size
          -------      ----
Zero (__iar_zero_init3)
    1 destination range, total size 0x14edc:
          0x2000'00e4  0x14edc

Copy/lz77 (__iar_lz77_init_single3)
    1 source range, total size 0x59 (39% of destination):
           0x800'671e     0x59
    1 destination range, total size 0xe4:
          0x2000'0000     0xe4



*******************************************************************************
*** MODULE SUMMARY
***

    Module                        ro code  ro data  rw data
    ------                        -------  -------  -------
command line/config:
    -------------------------------------------------------
    Total:

D:\Project\Ntriever\신규RCU\Workspace\NT485\EWARM\NT485\Obj: [1]
    adc.o                             204                72
    cmsis_os.o                         92
    etc.o                           3 656            56 033
    freertos.o                      2 348       60       44
    gpio.o                            168
    heap_4.o                          436            20 504
    iwdg.o                             44                12
    list.o                            144
    main.o                            450                12
    nt_queue.o                        148
    port.o                            400        4       12
    portasm.o                         168
    startup_stm32f413xx.o             840
    stm32f4xx_hal.o                   120        5       12
    stm32f4xx_hal_adc.o             1 128
    stm32f4xx_hal_cortex.o            152
    stm32f4xx_hal_dma.o                36
    stm32f4xx_hal_gpio.o              460
    stm32f4xx_hal_iwdg.o               68
    stm32f4xx_hal_msp.o                64
    stm32f4xx_hal_rcc.o               476
    stm32f4xx_hal_rcc_ex.o            768
    stm32f4xx_hal_tim.o               934
    stm32f4xx_hal_tim_ex.o             78
    stm32f4xx_hal_timebase_tim.o      124                60
    stm32f4xx_hal_uart.o            1 740
    stm32f4xx_it.o                     84
    system_stm32f4xx.o                 96        9        4
    tasks.o                         1 480               300
    tim.o                             176                60
    usart.o                         1 078             8 540
    -------------------------------------------------------
    Total:                         18 160       78   85 665

dl7M_tlf.a: [2]
    abort.o                             6
    exit.o                              4
    low_level_init.o                    4
    printf.o                           40
    putchar.o                          12
    sprintf.o                          64
    xencoding_8859_1.o                 30
    xfail_s.o                          64                 4
    xfiles.o                                    29      152
    xlocale_c.o                       120       56      128
    xmbcurmax.o                        10
    xprintffull.o                   3 962
    xprout.o                           22
    xsprout.o                          10
    -------------------------------------------------------
    Total:                          4 348       85      284

m7M_tls.a: [3]
    DblAdd.o                          362
    DblCmpGe.o                         46
    DblCmpLe.o                         46
    DblDiv.o                          582
    DblMul.o                          418
    DblSub.o                          226
    DblToS32.o                         58
    DblToU32.o                         40
    S32ToDbl.o                         34
    U32ToDbl.o                         26
    fpinit_M.o                         34
    frexp.o                           112
    ldexp.o                           314
    -------------------------------------------------------
    Total:                          2 298

rt7M_tl.a: [4]
    ABImemclr.o                         6
    ABImemclr4.o                        6
    ABImemcpy.o                       166
    ABImemset.o                        94
    ABImemset48.o                      50
    I64DivMod.o                       560
    I64DivZer.o                         2
    cexit.o                            10
    cmain.o                            30
    cstartup_M.o                       12
    data_init.o                        40
    lz77_init_single.o                122
    memchr.o                           88
    memcmp.o                          104
    strchr.o                           22
    strlen.o                           54
    zero_init3.o                       58
    -------------------------------------------------------
    Total:                          1 424

shb_l.a: [5]
    exit.o                             20
    -------------------------------------------------------
    Total:                             20

    Gaps                               40        2        3
    Linker created                              32    4 096
-----------------------------------------------------------
    Grand Total:                   26 290      197   90 048


*******************************************************************************
*** ENTRY LIST
***

Entry                       Address    Size  Type      Object
-----                       -------    ----  ----      ------
.iar.init_table$$Base    0x800'6520           --   Gb  - Linker created -
.iar.init_table$$Limit   0x800'6540           --   Gb  - Linker created -
?main                    0x800'6541          Code  Gb  cmain.o [4]
ADC_Init                 0x800'3113    0xf4  Code  Lc  stm32f4xx_hal_adc.o [1]
AHBPrescTable            0x800'6434    0x10  Data  Gb  system_stm32f4xx.o [1]
APBPrescTable            0x800'65b0     0x8  Data  Gb  system_stm32f4xx.o [1]
BusFault_Handler         0x800'644b     0x2  Code  Gb  stm32f4xx_it.o [1]
CRC16                    0x800'1fe1    0x2a  Code  Gb  etc.o [1]
CRC16::wCRCTable         0x800'2bbc   0x200  Data  Lc  etc.o [1]
CSTACK$$Base            0x2001'4fc0           --   Gb  - Linker created -
CSTACK$$Limit           0x2001'5fc0           --   Gb  - Linker created -
CacheMore                0x800'11d1    0x24  Code  Lc  xlocale_c.o [2]
CheckNumberOfslaveAddress
                         0x800'24bd    0x36  Code  Gb  etc.o [1]
Com1TaskHandle          0x2001'4f78     0x4  Data  Gb  freertos.o [1]
Com2TaskHandle          0x2001'4f7c     0x4  Data  Gb  freertos.o [1]
Com3TaskHandle          0x2001'4f80     0x4  Data  Gb  freertos.o [1]
DebugMon_Handler         0x800'644f     0x2  Code  Gb  stm32f4xx_it.o [1]
Dequeue                  0x800'42c1    0x28  Code  Gb  nt_queue.o [1]
Enqueue                  0x800'4297    0x2a  Code  Gb  nt_queue.o [1]
Error_Handler            0x800'3fed     0x2  Code  Gb  main.o [1]
HAL_ADC_ConfigChannel    0x800'2fdf   0x10e  Code  Gb  stm32f4xx_hal_adc.o [1]
HAL_ADC_GetValue         0x800'2fd9     0x6  Code  Gb  stm32f4xx_hal_adc.o [1]
HAL_ADC_Init             0x800'2dbd    0x50  Code  Gb  stm32f4xx_hal_adc.o [1]
HAL_ADC_MspInit          0x800'36e7    0x5c  Code  Gb  adc.o [1]
HAL_ADC_PollForConversion
                         0x800'2e97    0x9e  Code  Gb  stm32f4xx_hal_adc.o [1]
HAL_ADC_Start            0x800'2e0d    0x54  Code  Gb  stm32f4xx_hal_adc.o [1]
HAL_ADC_Stop             0x800'2e61    0x36  Code  Gb  stm32f4xx_hal_adc.o [1]
HAL_DMA_Abort_IT         0x800'431d    0x24  Code  Gb  stm32f4xx_hal_dma.o [1]
HAL_Delay                0x800'5869    0x28  Code  Wk  stm32f4xx_hal.o [1]
HAL_GPIO_Init            0x800'3ff1   0x19a  Code  Gb  stm32f4xx_hal_gpio.o [1]
HAL_GPIO_WritePin        0x800'418b     0x8  Code  Gb  stm32f4xx_hal_gpio.o [1]
HAL_GetTick              0x800'3759     0xc  Code  Wk  stm32f4xx_hal.o [1]
HAL_IWDG_Init            0x800'57cd    0x44  Code  Gb  stm32f4xx_hal_iwdg.o [1]
HAL_IncTick              0x800'5701    0x10  Code  Wk  stm32f4xx_hal.o [1]
HAL_Init                 0x800'4521    0x30  Code  Gb  stm32f4xx_hal.o [1]
HAL_InitTick             0x800'5711    0x6c  Code  Gb  stm32f4xx_hal_timebase_tim.o [1]
HAL_MspInit              0x800'578d    0x40  Code  Gb  stm32f4xx_hal_msp.o [1]
HAL_NVIC_EnableIRQ       0x800'422b     0xa  Code  Gb  stm32f4xx_hal_cortex.o [1]
HAL_NVIC_SetPriority     0x800'41f1    0x3a  Code  Gb  stm32f4xx_hal_cortex.o [1]
HAL_NVIC_SetPriorityGrouping
                         0x800'41d7    0x1a  Code  Gb  stm32f4xx_hal_cortex.o [1]
HAL_RCC_ClockConfig      0x800'4345    0xfe  Code  Gb  stm32f4xx_hal_rcc.o [1]
HAL_RCC_GetClockConfig   0x800'4473    0x36  Code  Gb  stm32f4xx_hal_rcc.o [1]
HAL_RCC_GetPCLK1Freq     0x800'444f    0x10  Code  Gb  stm32f4xx_hal_rcc.o [1]
HAL_RCC_GetPCLK2Freq     0x800'445f     0xe  Code  Gb  stm32f4xx_hal_rcc.o [1]
HAL_RCC_OscConfig        0x800'5401   0x2e0  Code  Gb  stm32f4xx_hal_rcc_ex.o [1]
HAL_TIMEx_BreakCallback
                         0x800'585f     0x2  Code  Wk  stm32f4xx_hal_tim_ex.o [1]
HAL_TIMEx_CommutationCallback
                         0x800'5863     0x2  Code  Wk  stm32f4xx_hal_tim_ex.o [1]
HAL_TIMEx_MasterConfigSynchronization
                         0x800'5811    0x4a  Code  Gb  stm32f4xx_hal_tim_ex.o [1]
HAL_TIM_Base_Init        0x800'46d9    0x1a  Code  Gb  stm32f4xx_hal_tim.o [1]
HAL_TIM_Base_MspInit     0x800'468f    0x36  Code  Gb  tim.o [1]
HAL_TIM_Base_Start_IT    0x800'46f3    0x16  Code  Gb  stm32f4xx_hal_tim.o [1]
HAL_TIM_ConfigClockSource
                         0x800'4875    0xac  Code  Gb  stm32f4xx_hal_tim.o [1]
HAL_TIM_IRQHandler       0x800'472d   0x142  Code  Gb  stm32f4xx_hal_tim.o [1]
HAL_TIM_PeriodElapsedCallback
                         0x800'3f45    0x62  Code  Gb  main.o [1]
HAL_UART_IRQHandler      0x800'3a41   0x14e  Code  Gb  stm32f4xx_hal_uart.o [1]
HAL_UART_Init            0x800'3765    0x1e  Code  Gb  stm32f4xx_hal_uart.o [1]
HAL_UART_MspInit         0x800'333f   0x1bc  Code  Gb  usart.o [1]
HAL_UART_Receive_IT      0x800'39e9    0x4c  Code  Gb  stm32f4xx_hal_uart.o [1]
HAL_UART_RxCpltCallback
                         0x800'354d    0x96  Code  Gb  usart.o [1]
HAL_UART_Transmit        0x800'37db   0x1ea  Code  Gb  stm32f4xx_hal_uart.o [1]
HardFault_Handler        0x800'6447     0x2  Code  Gb  stm32f4xx_it.o [1]
InitQueue                0x800'4255     0xc  Code  Gb  nt_queue.o [1]
InitializeBoardInfo      0x800'20e7   0x146  Code  Gb  etc.o [1]
InitializeData           0x800'2263   0x20c  Code  Gb  etc.o [1]
IsEmpty                  0x800'4283    0x14  Code  Gb  nt_queue.o [1]
IsFull                   0x800'4261    0x22  Code  Gb  nt_queue.o [1]
LoadInt                  0x800'039b    0x7a  Code  Lc  xprintffull.o [2]
MX_ADC1_Init             0x800'368d    0x5a  Code  Gb  adc.o [1]
MX_FREERTOS_Init         0x800'4a79    0x32  Code  Gb  freertos.o [1]
MX_GPIO_Init             0x800'4555    0x9e  Code  Gb  gpio.o [1]
MX_IWDG_Init             0x800'45fd    0x2c  Code  Gb  iwdg.o [1]
MX_TIM1_Init             0x800'4629    0x66  Code  Gb  tim.o [1]
MX_UART4_Init            0x800'324d    0x36  Code  Gb  usart.o [1]
MX_UART7_Init            0x800'3283    0x2e  Code  Gb  usart.o [1]
MX_UART_Init             0x800'3621    0x62  Code  Gb  usart.o [1]
MX_USART1_UART_Init      0x800'32b9    0x2c  Code  Gb  usart.o [1]
MX_USART2_UART_Init      0x800'32e5    0x22  Code  Gb  usart.o [1]
MX_USART3_UART_Init      0x800'3307    0x22  Code  Gb  usart.o [1]
MemManage_Handler        0x800'6449     0x2  Code  Gb  stm32f4xx_it.o [1]
NMI_Handler              0x800'6445     0x2  Code  Gb  stm32f4xx_it.o [1]
NVIC_SetPriority         0x800'41bd    0x1a  Code  Lc  stm32f4xx_hal_cortex.o [1]
ParsingChangjo1          0x800'286d    0x7e  Code  Gb  etc.o [1]
ParsingChangjo2          0x800'28eb    0x98  Code  Gb  etc.o [1]
ParsingNatural           0x800'2a27    0x90  Code  Gb  etc.o [1]
ParsingTemperature       0x800'2af5    0x5e  Code  Gb  etc.o [1]
ParsingVariable          0x800'29a7    0x50  Code  Gb  etc.o [1]
PendSV_Handler           0x800'633d          Code  Gb  portasm.o [1]
ReadBoardID              0x800'200b    0xdc  Code  Gb  etc.o [1]
Region$$Table$$Base      0x800'6520           --   Gb  - Linker created -
Region$$Table$$Limit     0x800'6540           --   Gb  - Linker created -
SVC_Handler              0x800'6395          Code  Gb  portasm.o [1]
SetBoardData             0x800'24f3   0x144  Code  Gb  etc.o [1]
SetslaveAddressDataLength
                         0x800'1f75    0x36  Code  Gb  etc.o [1]
SetslaveAddressDataRcvLength
                         0x800'1fab    0x36  Code  Gb  etc.o [1]
StartCom1Task            0x800'4be5   0x1f4  Code  Gb  freertos.o [1]
StartCom2Task            0x800'4de3   0x192  Code  Gb  freertos.o [1]
StartCom3Task            0x800'4fb3   0x186  Code  Gb  freertos.o [1]
StartDebugTask           0x800'51c1   0x106  Code  Gb  freertos.o [1]
StartMainTask            0x800'4ac1   0x116  Code  Gb  freertos.o [1]
SysTick_Handler          0x800'62d5    0x1e  Code  Gb  port.o [1]
SystemClock_Config       0x800'3eb3    0x92  Code  Gb  main.o [1]
SystemCoreClock         0x2000'0018     0x4  Data  Gb  system_stm32f4xx.o [1]
SystemInit               0x800'63e5    0x3a  Code  Gb  system_stm32f4xx.o [1]
TIM1_UP_TIM10_IRQHandler
                         0x800'6451     0x6  Code  Gb  stm32f4xx_it.o [1]
TIM6_DAC_IRQHandler      0x800'646f     0x6  Code  Gb  stm32f4xx_it.o [1]
TIM_Base_SetConfig       0x800'494b    0x8e  Code  Gb  stm32f4xx_hal_tim.o [1]
TIM_ETR_SetConfig        0x800'4a63    0x14  Code  Lc  stm32f4xx_hal_tim.o [1]
TIM_ITRx_SetConfig       0x800'4a53    0x10  Code  Lc  stm32f4xx_hal_tim.o [1]
TIM_TI1_ConfigInputStage
                         0x800'4a0d    0x1c  Code  Lc  stm32f4xx_hal_tim.o [1]
TIM_TI2_ConfigInputStage
                         0x800'4a2f    0x24  Code  Lc  stm32f4xx_hal_tim.o [1]
TransmissionDetailedDataToMain
                         0x800'272b   0x128  Code  Gb  etc.o [1]
TransmissionInfoDataToMain
                         0x800'2651    0xda  Code  Gb  etc.o [1]
UART4_IRQHandler         0x800'6469     0x6  Code  Gb  stm32f4xx_it.o [1]
UART7_IRQHandler         0x800'6475     0x6  Code  Gb  stm32f4xx_it.o [1]
UART_DMAAbortOnError     0x800'3c11     0xc  Code  Lc  stm32f4xx_hal_uart.o [1]
UART_EndRxTransfer       0x800'3bf3    0x1c  Code  Lc  stm32f4xx_hal_uart.o [1]
UART_Receive_IT          0x800'3c1d    0x88  Code  Lc  stm32f4xx_hal_uart.o [1]
UART_SetConfig           0x800'3ca5   0x13e  Code  Lc  stm32f4xx_hal_uart.o [1]
UART_WaitOnFlagUntilTimeout
                         0x800'3b8f    0x56  Code  Lc  stm32f4xx_hal_uart.o [1]
USART1_IRQHandler        0x800'6457     0x6  Code  Gb  stm32f4xx_it.o [1]
USART2_IRQHandler        0x800'645d     0x6  Code  Gb  stm32f4xx_it.o [1]
USART3_IRQHandler        0x800'6463     0x6  Code  Gb  stm32f4xx_it.o [1]
UsageFault_Handler       0x800'644d     0x2  Code  Gb  stm32f4xx_it.o [1]
XmitChangjo              0x800'2853    0x1a  Code  Gb  etc.o [1]
XmitNatural              0x800'29f7    0x16  Code  Gb  etc.o [1]
XmitTemperature          0x800'2ad5    0x12  Code  Gb  etc.o [1]
XmitVariable             0x800'2995    0x12  Code  Gb  etc.o [1]
_Encoding_8859_1_Mbrlen
                         0x800'131d     0x2  Code  Gb  xencoding_8859_1.o [2]
_Encoding_8859_1_Wctomb
                         0x800'130b    0x12  Code  Gb  xencoding_8859_1.o [2]
_GenldFull               0x800'0e2d   0x274  Code  Lc  xprintffull.o [2]
_LdtobFull               0x800'0a01   0x400  Code  Lc  xprintffull.o [2]
_LitobFull               0x800'08a9   0x112  Code  Lc  xprintffull.o [2]
_Locale_lconv           0x2000'001c    0x38  Data  Lc  xlocale_c.o [2]
_PrintfFull              0x800'01d9   0x1aa  Code  Gb  xprintffull.o [2]
_Prout                   0x800'6573    0x16  Code  Gb  xprout.o [2]
_PutcharsFull            0x800'10a1    0x2e  Code  Lc  xprintffull.o [2]
_PutfldFull              0x800'0415   0x2d8  Code  Lc  xprintffull.o [2]
_PutstrFull              0x800'07e3    0xc6  Code  Lc  xprintffull.o [2]
_PuttxtFull              0x800'06ed    0xf6  Code  Lc  xprintffull.o [2]
_SProut                  0x800'138b     0xa  Code  Gb  xsprout.o [2]
__aeabi_cdcmple          0x800'1881          Code  Gb  DblCmpLe.o [3]
__aeabi_cdrcmple         0x800'18b1          Code  Gb  DblCmpGe.o [3]
__aeabi_d2iz             0x800'1a1d          Code  Gb  DblToS32.o [3]
__aeabi_d2uiz            0x800'1da9          Code  Gb  DblToU32.o [3]
__aeabi_ddiv             0x800'1b61          Code  Gb  DblDiv.o [3]
__aeabi_dmul             0x800'166d          Code  Gb  DblMul.o [3]
__aeabi_dsub             0x800'1a7d          Code  Gb  DblSub.o [3]
__aeabi_i2d              0x800'1a59          Code  Gb  S32ToDbl.o [3]
__aeabi_ldiv0            0x800'1df1          Code  Gb  I64DivZer.o [4]
__aeabi_memclr           0x800'5939          Code  Gb  ABImemclr.o [4]
__aeabi_memclr4          0x800'3685          Code  Gb  ABImemclr4.o [4]
__aeabi_memcpy           0x800'1395          Code  Gb  ABImemcpy.o [4]
__aeabi_memcpy4          0x800'13b5          Code  Gb  ABImemcpy.o [4]
__aeabi_memcpy8          0x800'13b5          Code  Gb  ABImemcpy.o [4]
__aeabi_ui2d             0x800'1dd1          Code  Gb  U32ToDbl.o [3]
__aeabi_uldivmod         0x800'143d          Code  Gb  I64DivMod.o [4]
__cmain                  0x800'6541          Code  Gb  cmain.o [4]
__exit                   0x800'1f61    0x14  Code  Gb  exit.o [5]
__iar_Fail_s             0x800'1295    0x1c  Code  Gb  xfail_s.o [2]
__iar_Mbcurmax           0x800'1381     0xa  Code  Gb  xmbcurmax.o [2]
__iar_Memchr             0x800'1329          Code  Gb  memchr.o [4]
__iar_Memset4_word       0x800'42e9          Code  Gb  ABImemset48.o [4]
__iar_Memset8_word       0x800'42e9          Code  Gb  ABImemset48.o [4]
__iar_Memset_word        0x800'5f09          Code  Gb  ABImemset.o [4]
__iar_Stdout            0x2000'009c    0x48  Data  Gb  xfiles.o [2]
__iar_Strchr             0x800'1245          Code  Gb  strchr.o [4]
__iar_dadd               0x800'1a8d          Code  Gb  DblSub.o [3]
__iar_data_init3         0x800'64d5    0x28  Code  Gb  data_init.o [4]
__iar_dsub               0x800'1df5          Code  Gb  DblAdd.o [3]
__iar_dsubStart          0x800'1e07          Code  Gb  DblAdd.o [3]
__iar_frexp              0x800'181d          Code  Gb  frexp.o [3]
__iar_frexpl             0x800'181d          Code  Gb  frexp.o [3]
__iar_globLocale        0x2000'0054    0x48  Data  Lc  xlocale_c.o [2]
__iar_global_Locale      0x800'11cd     0x4  Code  Gb  xlocale_c.o [2]
__iar_init_vfp           0x800'64fd          Code  Gb  fpinit_M.o [3]
__iar_ldexp64            0x800'18e1          Code  Gb  ldexp.o [3]
__iar_lz77_init_single3
                         0x800'1153    0x7a  Code  Gb  lz77_init_single.o [4]
__iar_program_start      0x800'65a5          Code  Gb  cstartup_M.o [4]
__iar_scalbln64          0x800'18e1          Code  Gb  ldexp.o [3]
__iar_scalbn64           0x800'18e1          Code  Gb  ldexp.o [3]
__iar_softfp___iar_frexp64
                         0x800'1811          Code  Gb  frexp.o [3]
__iar_softfp_frexp       0x800'1811          Code  Gb  frexp.o [3]
__iar_softfp_frexpl      0x800'1811          Code  Gb  frexp.o [3]
__iar_zero_init3         0x800'125b    0x3a  Code  Gb  zero_init3.o [4]
__low_level_init         0x800'655f     0x4  Code  Gb  low_level_init.o [2]
__vector_table           0x800'0000          Data  Gb  startup_stm32f413xx.o [1]
_call_main               0x800'654d          Code  Gb  cmain.o [4]
_exit                    0x800'6569          Code  Gb  cexit.o [4]
_gLocale_mblen           0x800'1231     0x4  Code  Gb  xlocale_c.o [2]
_gLocale_mblenInt        0x800'11f5    0x2c  Code  Gb  xlocale_c.o [2]
_gLocale_wctomb          0x800'1235     0x4  Code  Gb  xlocale_c.o [2]
_gLocale_wctombInt       0x800'122d     0x4  Code  Gb  xlocale_c.o [2]
_main                    0x800'655b          Code  Gb  cmain.o [4]
abort                    0x800'1deb     0x6  Code  Gb  abort.o [2]
com1Data                0x2000'50fc  0x36b0  Data  Gb  etc.o [1]
com2Data                0x2000'87ac  0x36b0  Data  Gb  etc.o [1]
com3Data                0x2000'be5c  0x36b0  Data  Gb  etc.o [1]
debugTaskHandle         0x2001'4fb8     0x4  Data  Gb  freertos.o [1]
exit                     0x800'6563     0x4  Code  Gb  exit.o [2]
fputc                    0x800'3e2d    0x24  Code  Gb  main.o [1]
hadc1                   0x2001'4de4    0x48  Data  Gb  adc.o [1]
hiwdg                   0x2001'4f98     0xc  Data  Gb  iwdg.o [1]
htim1                   0x2001'4f28    0x3c  Data  Gb  tim.o [1]
htim6                   0x2001'4eec    0x3c  Data  Gb  stm32f4xx_hal_timebase_tim.o [1]
huart1                  0x2001'4e2c    0x40  Data  Gb  usart.o [1]
huart2                  0x2001'4e6c    0x40  Data  Gb  usart.o [1]
huart3                  0x2001'4eac    0x40  Data  Gb  usart.o [1]
huart4                  0x2000'f518    0x40  Data  Gb  usart.o [1]
huart7                  0x2000'f558    0x40  Data  Gb  usart.o [1]
iwdgTick                0x2001'4fa4     0x4  Data  Gb  main.o [1]
ldexp                    0x800'18e1          Code  Gb  ldexp.o [3]
ldexpl                   0x800'18e1          Code  Gb  ldexp.o [3]
localeconv               0x800'1239     0x4  Code  Gb  xlocale_c.o [2]
main                     0x800'3e51    0x62  Code  Gb  main.o [1]
mainReceiveBuffer       0x2000'f514     0x2  Data  Gb  usart.o [1]
mainReceiveQueue        0x2001'0da4   0x804  Data  Gb  usart.o [1]
mainRecvTime            0x2001'4f70     0x2  Data  Gb  freertos.o [1]
mainTaskHandle          0x2001'4f74     0x4  Data  Gb  freertos.o [1]
makeFreeRtosPriority     0x800'53a5     0xc  Code  Lc  cmsis_os.o [1]
memchr                   0x800'1329          Code  Gb  memchr.o [4]
memcmp                   0x800'58d1          Code  Gb  memcmp.o [4]
myInfo                  0x2001'15a8  0x177c  Data  Gb  etc.o [1]
obuf                    0x2001'4d94    0x50  Data  Lc  xfiles.o [2]
osDelay                  0x800'53f3     0xe  Code  Gb  cmsis_os.o [1]
osKernelStart            0x800'53b1     0xa  Code  Gb  cmsis_os.o [1]
osThreadCreate           0x800'53bb    0x2e  Code  Gb  cmsis_os.o [1]
osThreadTerminate        0x800'53e9     0xa  Code  Gb  cmsis_os.o [1]
printf                   0x800'3225    0x28  Code  Gb  printf.o [2]
prvAddCurrentTaskToDelayedList
                         0x800'5e8d    0x64  Code  Lc  tasks.o [1]
prvAddNewTaskToReadyList
                         0x800'5a11    0xa2  Code  Lc  tasks.o [1]
prvDeleteTCB             0x800'5e23    0x14  Code  Lc  tasks.o [1]
prvIdleTask              0x800'5dcd    0x56  Code  Lc  tasks.o [1]
prvInitialiseNewTask     0x800'5999    0x78  Code  Lc  tasks.o [1]
prvInsertBlockIntoFreeList
                         0x800'60cf    0x46  Code  Lc  heap_4.o [1]
prvResetNextTaskUnblockTime
                         0x800'5e37    0x1c  Code  Lc  tasks.o [1]
prvTaskExitError         0x800'61d5    0x1c  Code  Lc  port.o [1]
putchar                  0x800'6589     0xc  Code  Gb  putchar.o [2]
pvPortMalloc             0x800'5f69   0x104  Code  Gb  heap_4.o [1]
pxCurrentTCB            0x2001'4c90     0x4  Data  Gb  tasks.o [1]
pxDelayedTaskList       0x2001'4c94     0x4  Data  Lc  tasks.o [1]
pxEnd                   0x2000'00ec     0x4  Data  Lc  heap_4.o [1]
pxOverflowDelayedTaskList
                        0x2001'4c98     0x4  Data  Lc  tasks.o [1]
pxPortInitialiseStack    0x800'61ad    0x26  Code  Gb  port.o [1]
pxReadyTasksLists       0x2001'4d08    0x8c  Data  Lc  tasks.o [1]
receiveBuffer           0x2000'f50c     0x8  Data  Gb  usart.o [1]
receiveQueue            0x2000'f598  0x180c  Data  Gb  usart.o [1]
recvTime                0x2001'4f68     0x8  Data  Gb  freertos.o [1]
replyData               0x2001'4f84    0x10  Data  Gb  etc.o [1]
replyDetailedData       0x2001'2d24  0x1770  Data  Gb  etc.o [1]
replyDetailedLength     0x2001'4c66     0x2  Data  Gb  etc.o [1]
replyInfoData           0x2001'4494   0x7d0  Data  Gb  etc.o [1]
replyInfoLength         0x2001'4c64     0x2  Data  Gb  etc.o [1]
scalbln                  0x800'18e1          Code  Gb  ldexp.o [3]
scalblnl                 0x800'18e1          Code  Gb  ldexp.o [3]
scalbn                   0x800'18e1          Code  Gb  ldexp.o [3]
scalbnl                  0x800'18e1          Code  Gb  ldexp.o [3]
scale                    0x800'09bb    0x46  Code  Lc  xprintffull.o [2]
sec                     0x2001'4fac     0x4  Data  Gb  main.o [1]
sec_hand                0x2001'4fbc     0x4  Data  Lc  xfail_s.o [2]
setupPortDevice         0x2001'4f64     0x1  Data  Gb  freertos.o [1]
slotID                  0x2001'4f94     0x1  Data  Gb  etc.o [1]
sprintf                  0x800'5891    0x40  Code  Gb  sprintf.o [2]
strchr                   0x800'1245          Code  Gb  strchr.o [4]
strlen                   0x800'12d5          Code  Gb  strlen.o [4]
tickMs                  0x2001'4fa8     0x4  Data  Gb  main.o [1]
ucHeap                  0x2000'00fc  0x5000  Data  Lc  heap_4.o [1]
ucMaxSysCallPriority    0x2000'0000     0x1  Data  Lc  port.o [1]
ulMaxPRIGROUPValue      0x2000'0008     0x4  Data  Lc  port.o [1]
uwTick                  0x2000'0010     0x4  Data  Gb  stm32f4xx_hal.o [1]
uwTickFreq              0x2000'000c     0x1  Data  Gb  stm32f4xx_hal.o [1]
uwTickPrio              0x2000'0014     0x4  Data  Gb  stm32f4xx_hal.o [1]
uxCriticalNesting       0x2000'0004     0x4  Data  Lc  port.o [1]
uxCurrentNumberOfTasks  0x2001'4cb4     0x4  Data  Lc  tasks.o [1]
uxDeletedTasksWaitingCleanUp
                        0x2001'4c9c     0x4  Data  Lc  tasks.o [1]
uxListRemove             0x800'6189    0x24  Code  Gb  list.o [1]
uxPendedTicks           0x2001'4cc4     0x4  Data  Lc  tasks.o [1]
uxSchedulerSuspended    0x2001'4cd8     0x4  Data  Lc  tasks.o [1]
uxTaskNumber            0x2001'4cd0     0x4  Data  Lc  tasks.o [1]
uxTopReadyPriority      0x2001'4cbc     0x4  Data  Lc  tasks.o [1]
vListInitialise          0x800'611d    0x1a  Code  Gb  list.o [1]
vListInitialiseItem      0x800'6137     0x6  Code  Gb  list.o [1]
vListInsert              0x800'6157    0x32  Code  Gb  list.o [1]
vListInsertEnd           0x800'613d    0x1a  Code  Gb  list.o [1]
vPortEnableVFP           0x800'63c9          Code  Gb  portasm.o [1]
vPortEnterCritical       0x800'6281    0x32  Code  Gb  port.o [1]
vPortExitCritical        0x800'62b3    0x22  Code  Gb  port.o [1]
vPortFree                0x800'607b    0x46  Code  Gb  heap_4.o [1]
vPortStartFirstTask      0x800'63b1          Code  Gb  portasm.o [1]
vTaskDelay               0x800'5b09    0x2e  Code  Gb  tasks.o [1]
vTaskDelete              0x800'5ab3    0x56  Code  Gb  tasks.o [1]
vTaskStartScheduler      0x800'5ba7    0x54  Code  Gb  tasks.o [1]
vTaskSuspendAll          0x800'5bfb     0xc  Code  Gb  tasks.o [1]
vTaskSwitchContext       0x800'5d67    0x52  Code  Gb  tasks.o [1]
xBlockAllocatedBit      0x2000'00f8     0x4  Data  Lc  heap_4.o [1]
xDelayedTaskList1       0x2001'4cdc    0x14  Data  Lc  tasks.o [1]
xDelayedTaskList2       0x2001'4cf0    0x14  Data  Lc  tasks.o [1]
xFreeBytesRemaining     0x2000'00f0     0x4  Data  Lc  heap_4.o [1]
xIdleTaskHandle         0x2001'4d04     0x4  Data  Lc  tasks.o [1]
xMinimumEverFreeBytesRemaining
                        0x2000'00f4     0x4  Data  Lc  heap_4.o [1]
xNextTaskUnblockTime    0x2001'4cd4     0x4  Data  Lc  tasks.o [1]
xNumOfOverflows         0x2001'4ccc     0x4  Data  Lc  tasks.o [1]
xPendingReadyList       0x2001'4c68    0x14  Data  Lc  tasks.o [1]
xPortStartScheduler      0x800'61f1    0x90  Code  Gb  port.o [1]
xSchedulerRunning       0x2001'4cc0     0x4  Data  Lc  tasks.o [1]
xStart                  0x2000'00e4     0x8  Data  Lc  heap_4.o [1]
xSuspendedTaskList      0x2001'4ca0    0x14  Data  Lc  tasks.o [1]
xTaskCreate              0x800'5941    0x58  Code  Gb  tasks.o [1]
xTaskIncrementTick       0x800'5ca9    0xbe  Code  Gb  tasks.o [1]
xTaskResumeAll           0x800'5c07    0x9a  Code  Gb  tasks.o [1]
xTasksWaitingTermination
                        0x2001'4c7c    0x14  Data  Lc  tasks.o [1]
xTickCount              0x2001'4cb8     0x4  Data  Lc  tasks.o [1]
xYieldPending           0x2001'4cc8     0x4  Data  Lc  tasks.o [1]
xmitTime                0x2001'4fb0     0x8  Data  Gb  freertos.o [1]


[1] = D:\Project\Ntriever\신규RCU\Workspace\NT485\EWARM\NT485\Obj
[2] = dl7M_tlf.a
[3] = m7M_tls.a
[4] = rt7M_tl.a
[5] = shb_l.a

  26 290 bytes of readonly  code memory
     197 bytes of readonly  data memory
  90 048 bytes of readwrite data memory

Errors: none
Warnings: none
